Archive member included because of file (symbol)

c:/winavr-20100110/bin/../lib/gcc/avr/4.3.3/avr51\libgcc.a(_udivmodhi4.o)
                              ./Source/queue.o (__udivmodhi4)
c:/winavr-20100110/bin/../lib/gcc/avr/4.3.3/avr51\libgcc.a(_exit.o)
                              c:/winavr-20100110/bin/../lib/gcc/avr/4.3.3/../../../../avr/lib/avr51/crtm128.o (exit)
c:/winavr-20100110/bin/../lib/gcc/avr/4.3.3/avr51\libgcc.a(_clear_bss.o)
                              ./Source/portable/MemMang/heap_1.o (__do_clear_bss)
c:/winavr-20100110/bin/../lib/gcc/avr/4.3.3/../../../../avr/lib/avr51\libc.a(memcpy.o)
                              ./Source/queue.o (memcpy)
c:/winavr-20100110/bin/../lib/gcc/avr/4.3.3/../../../../avr/lib/avr51\libc.a(memset.o)
                              ./Source/tasks.o (memset)

Allocating common symbols
Common symbol       size              file

task2ptr            0x2               ./Challenge1.o
task1ptr            0x2               ./Challenge1.o

Memory Configuration

Name             Origin             Length             Attributes
text             0x00000000         0x00020000         xr
data             0x00800060         0x0000ffa0         rw !x
eeprom           0x00810000         0x00010000         rw !x
fuse             0x00820000         0x00000400         rw !x
lock             0x00830000         0x00000400         rw !x
signature        0x00840000         0x00000400         rw !x
*default*        0x00000000         0xffffffff

Linker script and memory map

Address of section .data set to 0x800100
LOAD c:/winavr-20100110/bin/../lib/gcc/avr/4.3.3/../../../../avr/lib/avr51/crtm128.o
LOAD ./Source/portable/MemMang/heap_1.o
LOAD ./Source/portable/GCC/ATMega323/port.o
LOAD ./Source/croutine.o
LOAD ./Source/event_groups.o
LOAD ./Source/list.o
LOAD ./Source/queue.o
LOAD ./Source/tasks.o
LOAD ./Source/timers.o
LOAD ./Challenge1.o
LOAD c:/winavr-20100110/bin/../lib/gcc/avr/4.3.3/avr51\libgcc.a
LOAD c:/winavr-20100110/bin/../lib/gcc/avr/4.3.3/../../../../avr/lib/avr51\libc.a
LOAD c:/winavr-20100110/bin/../lib/gcc/avr/4.3.3/avr51\libgcc.a

.hash
 *(.hash)

.dynsym
 *(.dynsym)

.dynstr
 *(.dynstr)

.gnu.version
 *(.gnu.version)

.gnu.version_d
 *(.gnu.version_d)

.gnu.version_r
 *(.gnu.version_r)

.rel.init
 *(.rel.init)

.rela.init
 *(.rela.init)

.rel.text
 *(.rel.text)
 *(.rel.text.*)
 *(.rel.gnu.linkonce.t*)

.rela.text
 *(.rela.text)
 *(.rela.text.*)
 *(.rela.gnu.linkonce.t*)

.rel.fini
 *(.rel.fini)

.rela.fini
 *(.rela.fini)

.rel.rodata
 *(.rel.rodata)
 *(.rel.rodata.*)
 *(.rel.gnu.linkonce.r*)

.rela.rodata
 *(.rela.rodata)
 *(.rela.rodata.*)
 *(.rela.gnu.linkonce.r*)

.rel.data
 *(.rel.data)
 *(.rel.data.*)
 *(.rel.gnu.linkonce.d*)

.rela.data
 *(.rela.data)
 *(.rela.data.*)
 *(.rela.gnu.linkonce.d*)

.rel.ctors
 *(.rel.ctors)

.rela.ctors
 *(.rela.ctors)

.rel.dtors
 *(.rel.dtors)

.rela.dtors
 *(.rela.dtors)

.rel.got
 *(.rel.got)

.rela.got
 *(.rela.got)

.rel.bss
 *(.rel.bss)

.rela.bss
 *(.rela.bss)

.rel.plt
 *(.rel.plt)

.rela.plt
 *(.rela.plt)

.text           0x00000000     0x5022
 *(.vectors)
 .vectors       0x00000000       0x8c c:/winavr-20100110/bin/../lib/gcc/avr/4.3.3/../../../../avr/lib/avr51/crtm128.o
                0x00000000                __vectors
                0x00000000                __vector_default
 *(.vectors)
 *(.progmem.gcc*)
 *(.progmem*)
                0x0000008c                . = ALIGN (0x2)
                0x0000008c                __trampolines_start = .
 *(.trampolines)
 .trampolines   0x0000008c        0x0 linker stubs
 *(.trampolines*)
                0x0000008c                __trampolines_end = .
 *(.jumptables)
 *(.jumptables*)
 *(.lowtext)
 *(.lowtext*)
                0x0000008c                __ctors_start = .
 *(.ctors)
                0x0000008c                __ctors_end = .
                0x0000008c                __dtors_start = .
 *(.dtors)
                0x0000008c                __dtors_end = .
 SORT(*)(.ctors)
 SORT(*)(.dtors)
 *(.init0)
 .init0         0x0000008c        0x0 c:/winavr-20100110/bin/../lib/gcc/avr/4.3.3/../../../../avr/lib/avr51/crtm128.o
                0x0000008c                __init
 *(.init0)
 *(.init1)
 *(.init1)
 *(.init2)
 .init2         0x0000008c        0xc c:/winavr-20100110/bin/../lib/gcc/avr/4.3.3/../../../../avr/lib/avr51/crtm128.o
 *(.init2)
 *(.init3)
 *(.init3)
 *(.init4)
 .init4         0x00000098       0x1a c:/winavr-20100110/bin/../lib/gcc/avr/4.3.3/../../../../avr/lib/avr51/crtm128.o
                0x00000098                __do_copy_data
 .init4         0x000000b2       0x10 c:/winavr-20100110/bin/../lib/gcc/avr/4.3.3/avr51\libgcc.a(_clear_bss.o)
                0x000000b2                __do_clear_bss
 *(.init4)
 *(.init5)
 *(.init5)
 *(.init6)
 *(.init6)
 *(.init7)
 *(.init7)
 *(.init8)
 *(.init8)
 *(.init9)
 .init9         0x000000c2        0x8 c:/winavr-20100110/bin/../lib/gcc/avr/4.3.3/../../../../avr/lib/avr51/crtm128.o
 *(.init9)
 *(.text)
 .text          0x000000ca        0x4 c:/winavr-20100110/bin/../lib/gcc/avr/4.3.3/../../../../avr/lib/avr51/crtm128.o
                0x000000ca                __vector_22
                0x000000ca                __vector_28
                0x000000ca                __vector_1
                0x000000ca                __vector_32
                0x000000ca                __vector_34
                0x000000ca                __vector_24
                0x000000ca                __bad_interrupt
                0x000000ca                __vector_6
                0x000000ca                __vector_31
                0x000000ca                __vector_3
                0x000000ca                __vector_23
                0x000000ca                __vector_30
                0x000000ca                __vector_25
                0x000000ca                __vector_11
                0x000000ca                __vector_13
                0x000000ca                __vector_17
                0x000000ca                __vector_19
                0x000000ca                __vector_7
                0x000000ca                __vector_27
                0x000000ca                __vector_5
                0x000000ca                __vector_33
                0x000000ca                __vector_4
                0x000000ca                __vector_9
                0x000000ca                __vector_2
                0x000000ca                __vector_21
                0x000000ca                __vector_15
                0x000000ca                __vector_29
                0x000000ca                __vector_8
                0x000000ca                __vector_26
                0x000000ca                __vector_14
                0x000000ca                __vector_10
                0x000000ca                __vector_16
                0x000000ca                __vector_18
                0x000000ca                __vector_20
 .text          0x000000ce        0x0 ./Source/portable/MemMang/heap_1.o
 .text          0x000000ce        0x0 ./Source/portable/GCC/ATMega323/port.o
 .text          0x000000ce        0x0 ./Source/croutine.o
 .text          0x000000ce        0x0 ./Source/event_groups.o
 .text          0x000000ce        0x0 ./Source/list.o
 .text          0x000000ce        0x0 ./Source/queue.o
 .text          0x000000ce        0x0 ./Source/tasks.o
 .text          0x000000ce        0x0 ./Source/timers.o
 .text          0x000000ce        0x0 ./Challenge1.o
 .text          0x000000ce        0x0 c:/winavr-20100110/bin/../lib/gcc/avr/4.3.3/avr51\libgcc.a(_udivmodhi4.o)
 .text          0x000000ce        0x0 c:/winavr-20100110/bin/../lib/gcc/avr/4.3.3/avr51\libgcc.a(_exit.o)
 .text          0x000000ce        0x0 c:/winavr-20100110/bin/../lib/gcc/avr/4.3.3/avr51\libgcc.a(_clear_bss.o)
 .text          0x000000ce        0x0 c:/winavr-20100110/bin/../lib/gcc/avr/4.3.3/../../../../avr/lib/avr51\libc.a(memcpy.o)
 .text          0x000000ce        0x0 c:/winavr-20100110/bin/../lib/gcc/avr/4.3.3/../../../../avr/lib/avr51\libc.a(memset.o)
                0x000000ce                . = ALIGN (0x2)
 *(.text.*)
 .text.pvPortMalloc
                0x000000ce       0xb4 ./Source/portable/MemMang/heap_1.o
                0x000000ce                pvPortMalloc
 .text.vPortFree
                0x00000182       0x18 ./Source/portable/MemMang/heap_1.o
                0x00000182                vPortFree
 .text.vPortInitialiseBlocks
                0x0000019a       0x16 ./Source/portable/MemMang/heap_1.o
                0x0000019a                vPortInitialiseBlocks
 .text.xPortGetFreeHeapSize
                0x000001b0       0x1e ./Source/portable/MemMang/heap_1.o
                0x000001b0                xPortGetFreeHeapSize
 .text.pxPortInitialiseStack
                0x000001ce      0x306 ./Source/portable/GCC/ATMega323/port.o
                0x000001ce                pxPortInitialiseStack
 .text.xPortStartScheduler
                0x000004d4       0x6a ./Source/portable/GCC/ATMega323/port.o
                0x000004d4                xPortStartScheduler
 .text.vPortEndScheduler
                0x0000053e        0xe ./Source/portable/GCC/ATMega323/port.o
                0x0000053e                vPortEndScheduler
 .text.vPortYield
                0x0000054c       0xb2 ./Source/portable/GCC/ATMega323/port.o
                0x0000054c                vPortYield
 .text.vPortYieldFromTick
                0x000005fe       0xba ./Source/portable/GCC/ATMega323/port.o
                0x000005fe                vPortYieldFromTick
 .text.prvSetupTimerInterrupt
                0x000006b8       0xb8 ./Source/portable/GCC/ATMega323/port.o
 .text.__vector_12
                0x00000770        0x6 ./Source/portable/GCC/ATMega323/port.o
                0x00000770                __vector_12
 .text.xCoRoutineCreate
                0x00000776      0x128 ./Source/croutine.o
                0x00000776                xCoRoutineCreate
 .text.vCoRoutineAddToDelayedList
                0x0000089e       0xc2 ./Source/croutine.o
                0x0000089e                vCoRoutineAddToDelayedList
 .text.prvCheckPendingReadyList
                0x00000960       0x94 ./Source/croutine.o
 .text.prvCheckDelayedList
                0x000009f4      0x15c ./Source/croutine.o
 .text.vCoRoutineSchedule
                0x00000b50      0x102 ./Source/croutine.o
                0x00000b50                vCoRoutineSchedule
 .text.prvInitialiseCoRoutineLists
                0x00000c52       0x72 ./Source/croutine.o
 .text.xCoRoutineRemoveFromEventList
                0x00000cc4       0x70 ./Source/croutine.o
                0x00000cc4                xCoRoutineRemoveFromEventList
 .text.xEventGroupCreate
                0x00000d34       0x3e ./Source/event_groups.o
                0x00000d34                xEventGroupCreate
 .text.xEventGroupSync
                0x00000d72      0x172 ./Source/event_groups.o
                0x00000d72                xEventGroupSync
 .text.xEventGroupWaitBits
                0x00000ee4      0x18c ./Source/event_groups.o
                0x00000ee4                xEventGroupWaitBits
 .text.xEventGroupClearBits
                0x00001070       0x6c ./Source/event_groups.o
                0x00001070                xEventGroupClearBits
 .text.xEventGroupGetBitsFromISR
                0x000010dc       0x44 ./Source/event_groups.o
                0x000010dc                xEventGroupGetBitsFromISR
 .text.xEventGroupSetBits
                0x00001120      0x164 ./Source/event_groups.o
                0x00001120                xEventGroupSetBits
 .text.vEventGroupDelete
                0x00001284       0x62 ./Source/event_groups.o
                0x00001284                vEventGroupDelete
 .text.vEventGroupSetBitsCallback
                0x000012e6       0x3a ./Source/event_groups.o
                0x000012e6                vEventGroupSetBitsCallback
 .text.vEventGroupClearBitsCallback
                0x00001320       0x3a ./Source/event_groups.o
                0x00001320                vEventGroupClearBitsCallback
 .text.prvTestWaitCondition
                0x0000135a       0x64 ./Source/event_groups.o
 .text.vListInitialise
                0x000013be       0x54 ./Source/list.o
                0x000013be                vListInitialise
 .text.vListInitialiseItem
                0x00001412       0x20 ./Source/list.o
                0x00001412                vListInitialiseItem
 .text.vListInsertEnd
                0x00001432       0x88 ./Source/list.o
                0x00001432                vListInsertEnd
 .text.vListInsert
                0x000014ba       0xd8 ./Source/list.o
                0x000014ba                vListInsert
 .text.uxListRemove
                0x00001592       0x98 ./Source/list.o
                0x00001592                uxListRemove
 .text.xQueueGenericReset
                0x0000162a      0x156 ./Source/queue.o
                0x0000162a                xQueueGenericReset
 .text.xQueueGenericCreate
                0x00001780       0xe8 ./Source/queue.o
                0x00001780                xQueueGenericCreate
 .text.prvInitialiseNewQueue
                0x00001868       0x76 ./Source/queue.o
 .text.xQueueGenericSend
                0x000018de      0x158 ./Source/queue.o
                0x000018de                xQueueGenericSend
 .text.xQueueGenericSendFromISR
                0x00001a36       0xb8 ./Source/queue.o
                0x00001a36                xQueueGenericSendFromISR
 .text.xQueueGiveFromISR
                0x00001aee       0xa2 ./Source/queue.o
                0x00001aee                xQueueGiveFromISR
 .text.xQueueReceive
                0x00001b90      0x156 ./Source/queue.o
                0x00001b90                xQueueReceive
 .text.xQueueSemaphoreTake
                0x00001ce6      0x144 ./Source/queue.o
                0x00001ce6                xQueueSemaphoreTake
 .text.xQueuePeek
                0x00001e2a      0x164 ./Source/queue.o
                0x00001e2a                xQueuePeek
 .text.xQueueReceiveFromISR
                0x00001f8e       0xae ./Source/queue.o
                0x00001f8e                xQueueReceiveFromISR
 .text.xQueuePeekFromISR
                0x0000203c       0x72 ./Source/queue.o
                0x0000203c                xQueuePeekFromISR
 .text.uxQueueMessagesWaiting
                0x000020ae       0x30 ./Source/queue.o
                0x000020ae                uxQueueMessagesWaiting
 .text.uxQueueSpacesAvailable
                0x000020de       0x4a ./Source/queue.o
                0x000020de                uxQueueSpacesAvailable
 .text.uxQueueMessagesWaitingFromISR
                0x00002128       0x34 ./Source/queue.o
                0x00002128                uxQueueMessagesWaitingFromISR
 .text.vQueueDelete
                0x0000215c       0x2e ./Source/queue.o
                0x0000215c                vQueueDelete
 .text.prvCopyDataToQueue
                0x0000218a      0x14c ./Source/queue.o
 .text.prvCopyDataFromQueue
                0x000022d6       0x8e ./Source/queue.o
 .text.prvUnlockQueue
                0x00002364       0xa6 ./Source/queue.o
 .text.prvIsQueueEmpty
                0x0000240a       0x3a ./Source/queue.o
 .text.xQueueIsQueueEmptyFromISR
                0x00002444       0x3e ./Source/queue.o
                0x00002444                xQueueIsQueueEmptyFromISR
 .text.prvIsQueueFull
                0x00002482       0x40 ./Source/queue.o
 .text.xQueueIsQueueFullFromISR
                0x000024c2       0x44 ./Source/queue.o
                0x000024c2                xQueueIsQueueFullFromISR
 .text.xQueueCRSend
                0x00002506       0xc2 ./Source/queue.o
                0x00002506                xQueueCRSend
 .text.xQueueCRReceive
                0x000025c8      0x11c ./Source/queue.o
                0x000025c8                xQueueCRReceive
 .text.xQueueCRSendFromISR
                0x000026e4       0x82 ./Source/queue.o
                0x000026e4                xQueueCRSendFromISR
 .text.xQueueCRReceiveFromISR
                0x00002766       0xea ./Source/queue.o
                0x00002766                xQueueCRReceiveFromISR
 .text.xTaskCreate
                0x00002850       0xf0 ./Source/tasks.o
                0x00002850                xTaskCreate
 .text.prvInitialiseNewTask
                0x00002940      0x18a ./Source/tasks.o
 .text.prvAddNewTaskToReadyList
                0x00002aca      0x17a ./Source/tasks.o
 .text.vTaskDelete
                0x00002c44       0xf6 ./Source/tasks.o
                0x00002c44                vTaskDelete
 .text.xTaskDelayUntil
                0x00002d3a       0xe6 ./Source/tasks.o
                0x00002d3a                xTaskDelayUntil
 .text.vTaskDelay
                0x00002e20       0x44 ./Source/tasks.o
                0x00002e20                vTaskDelay
 .text.vTaskStartScheduler
                0x00002e64       0x6a ./Source/tasks.o
                0x00002e64                vTaskStartScheduler
 .text.vTaskEndScheduler
                0x00002ece       0x18 ./Source/tasks.o
                0x00002ece                vTaskEndScheduler
 .text.vTaskSuspendAll
                0x00002ee6       0x18 ./Source/tasks.o
                0x00002ee6                vTaskSuspendAll
 .text.xTaskResumeAll
                0x00002efe      0x2a0 ./Source/tasks.o
                0x00002efe                xTaskResumeAll
 .text.xTaskGetTickCount
                0x0000319e       0x2e ./Source/tasks.o
                0x0000319e                xTaskGetTickCount
 .text.xTaskGetTickCountFromISR
                0x000031cc       0x2a ./Source/tasks.o
                0x000031cc                xTaskGetTickCountFromISR
 .text.uxTaskGetNumberOfTasks
                0x000031f6       0x12 ./Source/tasks.o
                0x000031f6                uxTaskGetNumberOfTasks
 .text.pcTaskGetName
                0x00003208       0x50 ./Source/tasks.o
                0x00003208                pcTaskGetName
 .text.xTaskCatchUpTicks
                0x00003258       0x40 ./Source/tasks.o
                0x00003258                xTaskCatchUpTicks
 .text.xTaskIncrementTick
                0x00003298      0x32e ./Source/tasks.o
                0x00003298                xTaskIncrementTick
 .text.vTaskSwitchContext
                0x000035c6       0xda ./Source/tasks.o
                0x000035c6                vTaskSwitchContext
 .text.vTaskPlaceOnEventList
                0x000036a0       0x44 ./Source/tasks.o
                0x000036a0                vTaskPlaceOnEventList
 .text.vTaskPlaceOnUnorderedEventList
                0x000036e4       0xca ./Source/tasks.o
                0x000036e4                vTaskPlaceOnUnorderedEventList
 .text.xTaskRemoveFromEventList
                0x000037ae      0x288 ./Source/tasks.o
                0x000037ae                xTaskRemoveFromEventList
 .text.vTaskRemoveFromUnorderedEventList
                0x00003a36      0x21c ./Source/tasks.o
                0x00003a36                vTaskRemoveFromUnorderedEventList
 .text.vTaskSetTimeOutState
                0x00003c52       0x3c ./Source/tasks.o
                0x00003c52                vTaskSetTimeOutState
 .text.vTaskInternalSetTimeOutState
                0x00003c8e       0x32 ./Source/tasks.o
                0x00003c8e                vTaskInternalSetTimeOutState
 .text.xTaskCheckForTimeOut
                0x00003cc0       0xce ./Source/tasks.o
                0x00003cc0                xTaskCheckForTimeOut
 .text.vTaskMissedYield
                0x00003d8e       0x14 ./Source/tasks.o
                0x00003d8e                vTaskMissedYield
 .text.prvIdleTask
                0x00003da2       0x20 ./Source/tasks.o
 .text.prvInitialiseTaskLists
                0x00003dc2       0x7a ./Source/tasks.o
 .text.prvCheckTasksWaitingTermination
                0x00003e3c       0x5e ./Source/tasks.o
 .text.prvDeleteTCB
                0x00003e9a       0x2c ./Source/tasks.o
 .text.prvResetNextTaskUnblockTime
                0x00003ec6       0x44 ./Source/tasks.o
 .text.uxTaskResetEventItemValue
                0x00003f0a       0x4e ./Source/tasks.o
                0x00003f0a                uxTaskResetEventItemValue
 .text.ulTaskGenericNotifyTake
                0x00003f58      0x16c ./Source/tasks.o
                0x00003f58                ulTaskGenericNotifyTake
 .text.xTaskGenericNotifyWait
                0x000040c4      0x1ee ./Source/tasks.o
                0x000040c4                xTaskGenericNotifyWait
 .text.xTaskGenericNotify
                0x000042b2      0x37c ./Source/tasks.o
                0x000042b2                xTaskGenericNotify
 .text.xTaskGenericNotifyFromISR
                0x0000462e      0x3fe ./Source/tasks.o
                0x0000462e                xTaskGenericNotifyFromISR
 .text.vTaskGenericNotifyGiveFromISR
                0x00004a2c      0x2a0 ./Source/tasks.o
                0x00004a2c                vTaskGenericNotifyGiveFromISR
 .text.xTaskGenericNotifyStateClear
                0x00004ccc       0x92 ./Source/tasks.o
                0x00004ccc                xTaskGenericNotifyStateClear
 .text.ulTaskGenericNotifyValueClear
                0x00004d5e      0x104 ./Source/tasks.o
                0x00004d5e                ulTaskGenericNotifyValueClear
 .text.prvAddCurrentTaskToDelayedList
                0x00004e62       0xcc ./Source/tasks.o
 .text.main     0x00004f2e       0x58 ./Challenge1.o
                0x00004f2e                main
 .text.Task1_Func
                0x00004f86       0x28 ./Challenge1.o
                0x00004f86                Task1_Func
 .text.Task2_Func
                0x00004fae       0x28 ./Challenge1.o
                0x00004fae                Task2_Func
 .text.libgcc   0x00004fd6       0x28 c:/winavr-20100110/bin/../lib/gcc/avr/4.3.3/avr51\libgcc.a(_udivmodhi4.o)
                0x00004fd6                __udivmodhi4
 .text.libgcc   0x00004ffe        0x0 c:/winavr-20100110/bin/../lib/gcc/avr/4.3.3/avr51\libgcc.a(_exit.o)
 .text.libgcc   0x00004ffe        0x0 c:/winavr-20100110/bin/../lib/gcc/avr/4.3.3/avr51\libgcc.a(_clear_bss.o)
 .text.avr-libc
                0x00004ffe       0x12 c:/winavr-20100110/bin/../lib/gcc/avr/4.3.3/../../../../avr/lib/avr51\libc.a(memcpy.o)
                0x00004ffe                memcpy
 .text.avr-libc
                0x00005010        0xe c:/winavr-20100110/bin/../lib/gcc/avr/4.3.3/../../../../avr/lib/avr51\libc.a(memset.o)
                0x00005010                memset
                0x0000501e                . = ALIGN (0x2)
 *(.fini9)
 .fini9         0x0000501e        0x0 c:/winavr-20100110/bin/../lib/gcc/avr/4.3.3/avr51\libgcc.a(_exit.o)
                0x0000501e                exit
                0x0000501e                _exit
 *(.fini9)
 *(.fini8)
 *(.fini8)
 *(.fini7)
 *(.fini7)
 *(.fini6)
 *(.fini6)
 *(.fini5)
 *(.fini5)
 *(.fini4)
 *(.fini4)
 *(.fini3)
 *(.fini3)
 *(.fini2)
 *(.fini2)
 *(.fini1)
 *(.fini1)
 *(.fini0)
 .fini0         0x0000501e        0x4 c:/winavr-20100110/bin/../lib/gcc/avr/4.3.3/avr51\libgcc.a(_exit.o)
 *(.fini0)
                0x00005022                _etext = .

.data           0x00800100       0x14 load address 0x00005022
                0x00800100                PROVIDE (__data_start, .)
 *(.data)
 .data          0x00800100        0x0 c:/winavr-20100110/bin/../lib/gcc/avr/4.3.3/../../../../avr/lib/avr51/crtm128.o
 .data          0x00800100        0x0 ./Source/portable/MemMang/heap_1.o
 .data          0x00800100        0x0 ./Source/portable/GCC/ATMega323/port.o
 .data          0x00800100        0x0 ./Source/croutine.o
 .data          0x00800100        0x0 ./Source/event_groups.o
 .data          0x00800100        0x0 ./Source/list.o
 .data          0x00800100        0x0 ./Source/queue.o
 .data          0x00800100        0x5 ./Source/tasks.o
 .data          0x00800105        0x0 ./Source/timers.o
 .data          0x00800105        0xd ./Challenge1.o
 .data          0x00800112        0x0 c:/winavr-20100110/bin/../lib/gcc/avr/4.3.3/avr51\libgcc.a(_udivmodhi4.o)
 .data          0x00800112        0x0 c:/winavr-20100110/bin/../lib/gcc/avr/4.3.3/avr51\libgcc.a(_exit.o)
 .data          0x00800112        0x0 c:/winavr-20100110/bin/../lib/gcc/avr/4.3.3/avr51\libgcc.a(_clear_bss.o)
 .data          0x00800112        0x0 c:/winavr-20100110/bin/../lib/gcc/avr/4.3.3/../../../../avr/lib/avr51\libc.a(memcpy.o)
 .data          0x00800112        0x0 c:/winavr-20100110/bin/../lib/gcc/avr/4.3.3/../../../../avr/lib/avr51\libc.a(memset.o)
 *(.data*)
 .data.uxTopUsedPriority
                0x00800112        0x1 ./Source/tasks.o
                0x00800112                uxTopUsedPriority
 *(.rodata)
 *(.rodata*)
 *(.gnu.linkonce.d*)
                0x00800114                . = ALIGN (0x2)
 *fill*         0x00800113        0x1 00
                0x00800114                _edata = .
                0x00800114                PROVIDE (__data_end, .)

.bss            0x00800114      0x67c
                0x00800114                PROVIDE (__bss_start, .)
 *(.bss)
 .bss           0x00800114        0x0 c:/winavr-20100110/bin/../lib/gcc/avr/4.3.3/../../../../avr/lib/avr51/crtm128.o
 .bss           0x00800114        0x0 ./Source/portable/MemMang/heap_1.o
 .bss           0x00800114        0x0 ./Source/portable/GCC/ATMega323/port.o
 .bss           0x00800114        0x0 ./Source/croutine.o
 .bss           0x00800114        0x0 ./Source/event_groups.o
 .bss           0x00800114        0x0 ./Source/list.o
 .bss           0x00800114        0x0 ./Source/queue.o
 .bss           0x00800114        0x0 ./Source/tasks.o
 .bss           0x00800114        0x0 ./Source/timers.o
 .bss           0x00800114        0x0 ./Challenge1.o
 .bss           0x00800114        0x0 c:/winavr-20100110/bin/../lib/gcc/avr/4.3.3/avr51\libgcc.a(_udivmodhi4.o)
 .bss           0x00800114        0x0 c:/winavr-20100110/bin/../lib/gcc/avr/4.3.3/avr51\libgcc.a(_exit.o)
 .bss           0x00800114        0x0 c:/winavr-20100110/bin/../lib/gcc/avr/4.3.3/avr51\libgcc.a(_clear_bss.o)
 .bss           0x00800114        0x0 c:/winavr-20100110/bin/../lib/gcc/avr/4.3.3/../../../../avr/lib/avr51\libc.a(memcpy.o)
 .bss           0x00800114        0x0 c:/winavr-20100110/bin/../lib/gcc/avr/4.3.3/../../../../avr/lib/avr51\libc.a(memset.o)
 *(.bss*)
 .bss.xNextFreeByte
                0x00800114        0x2 ./Source/portable/MemMang/heap_1.o
 .bss.pucAlignedHeap.1671
                0x00800116        0x2 ./Source/portable/MemMang/heap_1.o
 .bss.ucHeap    0x00800118      0x5dc ./Source/portable/MemMang/heap_1.o
 .bss.pxDelayedCoRoutineList
                0x008006f4        0x2 ./Source/croutine.o
 .bss.pxOverflowDelayedCoRoutineList
                0x008006f6        0x2 ./Source/croutine.o
 .bss.pxCurrentCoRoutine
                0x008006f8        0x2 ./Source/croutine.o
                0x008006f8                pxCurrentCoRoutine
 .bss.uxTopCoRoutineReadyPriority
                0x008006fa        0x1 ./Source/croutine.o
 .bss.xCoRoutineTickCount
                0x008006fb        0x2 ./Source/croutine.o
 .bss.xLastTickCount
                0x008006fd        0x2 ./Source/croutine.o
 .bss.xPassedTicks
                0x008006ff        0x2 ./Source/croutine.o
 .bss.pxReadyCoRoutineLists
                0x00800701       0x12 ./Source/croutine.o
 .bss.xDelayedCoRoutineList1
                0x00800713        0x9 ./Source/croutine.o
 .bss.xDelayedCoRoutineList2
                0x0080071c        0x9 ./Source/croutine.o
 .bss.xPendingReadyCoRoutineList
                0x00800725        0x9 ./Source/croutine.o
 .bss.pxCurrentTCB
                0x0080072e        0x2 ./Source/tasks.o
                0x0080072e                pxCurrentTCB
 .bss.uxDeletedTasksWaitingCleanUp
                0x00800730        0x1 ./Source/tasks.o
 .bss.uxCurrentNumberOfTasks
                0x00800731        0x1 ./Source/tasks.o
 .bss.xTickCount
                0x00800732        0x2 ./Source/tasks.o
 .bss.uxTopReadyPriority
                0x00800734        0x1 ./Source/tasks.o
 .bss.xSchedulerRunning
                0x00800735        0x1 ./Source/tasks.o
 .bss.xPendedTicks
                0x00800736        0x2 ./Source/tasks.o
 .bss.xYieldPending
                0x00800738        0x1 ./Source/tasks.o
 .bss.xNumOfOverflows
                0x00800739        0x1 ./Source/tasks.o
 .bss.uxTaskNumber
                0x0080073a        0x1 ./Source/tasks.o
 .bss.xNextTaskUnblockTime
                0x0080073b        0x2 ./Source/tasks.o
 .bss.xIdleTaskHandle
                0x0080073d        0x2 ./Source/tasks.o
 .bss.uxSchedulerSuspended
                0x0080073f        0x1 ./Source/tasks.o
 .bss.pxReadyTasksLists
                0x00800740       0x24 ./Source/tasks.o
 .bss.xDelayedTaskList1
                0x00800764        0x9 ./Source/tasks.o
 .bss.xDelayedTaskList2
                0x0080076d        0x9 ./Source/tasks.o
 .bss.pxDelayedTaskList
                0x00800776        0x2 ./Source/tasks.o
 .bss.pxOverflowDelayedTaskList
                0x00800778        0x2 ./Source/tasks.o
 .bss.xPendingReadyList
                0x0080077a        0x9 ./Source/tasks.o
 .bss.xTasksWaitingTermination
                0x00800783        0x9 ./Source/tasks.o
 *(COMMON)
 COMMON         0x0080078c        0x4 ./Challenge1.o
                0x0080078c                task2ptr
                0x0080078e                task1ptr
                0x00800790                PROVIDE (__bss_end, .)
                0x00005022                __data_load_start = LOADADDR (.data)
                0x00005036                __data_load_end = (__data_load_start + SIZEOF (.data))

.noinit         0x00800790        0x0
                0x00800790                PROVIDE (__noinit_start, .)
 *(.noinit*)
                0x00800790                PROVIDE (__noinit_end, .)
                0x00800790                _end = .
                0x00800790                PROVIDE (__heap_start, .)

.eeprom         0x00810000        0x0
 *(.eeprom*)
                0x00810000                __eeprom_end = .

.fuse
 *(.fuse)
 *(.lfuse)
 *(.hfuse)
 *(.efuse)

.lock
 *(.lock*)

.signature
 *(.signature*)

.stab           0x00000000     0x732c
 *(.stab)
 .stab          0x00000000      0x7d4 ./Source/portable/MemMang/heap_1.o
 .stab          0x000007d4      0x840 ./Source/portable/GCC/ATMega323/port.o
                                0xcfc (size before relaxing)
 .stab          0x00001014      0x99c ./Source/croutine.o
                                0xcd8 (size before relaxing)
 .stab          0x000019b0      0xc6c ./Source/event_groups.o
                               0x1134 (size before relaxing)
 .stab          0x0000261c      0x474 ./Source/list.o
                                0x870 (size before relaxing)
 .stab          0x00002a90     0x1fc8 ./Source/queue.o
                               0x24cc (size before relaxing)
 .stab          0x00004a58     0x24f0 ./Source/tasks.o
                               0x29e8 (size before relaxing)
 .stab          0x00006f48      0x1a4 ./Source/timers.o
                                0x6cc (size before relaxing)
 .stab          0x000070ec      0x240 ./Challenge1.o
                                0x6c0 (size before relaxing)

.stabstr        0x00000000     0x45d4
 *(.stabstr)
 .stabstr       0x00000000     0x45d4 ./Source/portable/MemMang/heap_1.o

.stab.excl
 *(.stab.excl)

.stab.exclstr
 *(.stab.exclstr)

.stab.index
 *(.stab.index)

.stab.indexstr
 *(.stab.indexstr)

.comment
 *(.comment)

.debug
 *(.debug)

.line
 *(.line)

.debug_srcinfo
 *(.debug_srcinfo)

.debug_sfnames
 *(.debug_sfnames)

.debug_aranges
 *(.debug_aranges)

.debug_pubnames
 *(.debug_pubnames)

.debug_info
 *(.debug_info)
 *(.gnu.linkonce.wi.*)

.debug_abbrev
 *(.debug_abbrev)

.debug_line
 *(.debug_line)

.debug_frame
 *(.debug_frame)

.debug_str
 *(.debug_str)

.debug_loc
 *(.debug_loc)

.debug_macinfo
 *(.debug_macinfo)
OUTPUT(AVRRTOS.elf elf32-avr)
LOAD linker stubs
