******************************************************************************
                  TI ARM Linker PC v20.2.5                     
******************************************************************************
>> Linked Sat Apr 23 05:05:38 2022

OUTPUT FILE NAME:   <Task2.out>
ENTRY POINT SYMBOL: "_c_int00"  address: 000007f0


MEMORY CONFIGURATION

         name            origin    length      used     unused   attr    fill
----------------------  --------  ---------  --------  --------  ----  --------
  RAM                   00000020   ffffffe0  000010fd  ffffeee3  RWIX


SEGMENT ALLOCATION MAP

run origin  load origin   length   init length attrs members
----------  ----------- ---------- ----------- ----- -------
00000020    00000020    00000854   00000854    r-x
  00000020    00000020    00000854   00000854    r-x .text
00000874    00000874    00000051   00000000    rw-
  00000874    00000874    00000051   00000000    rw- .data
000008c8    000008c8    00000800   00000000    rw-
  000008c8    000008c8    00000800   00000000    rw- .stack
000010c8    000010c8    00000058   00000058    r--
  000010c8    000010c8    00000058   00000058    r-- .cinit


SECTION ALLOCATION MAP

 output                                  attributes/
section   page    origin      length       input sections
--------  ----  ----------  ----------   ----------------
.text      0    00000020    00000854     
                  00000020    00000284     GPIO.obj (.text)
                  000002a4    000001a0     rtsv4_A_be_eabi.lib : memcpy32.asm.obj (.text)
                  00000444    0000016c     TIMER.obj (.text)
                  000005b0    000000a0     rtsv4_A_be_eabi.lib : copy_decompress_lzss.c.obj (.text:decompress:lzss:__TI_decompress_lzss)
                  00000650    000000a0     main.obj (.text)
                  000006f0    00000098     NIVC.obj (.text)
                  00000788    00000068     rtsv4_A_be_eabi.lib : autoinit.c.obj (.text:__TI_auto_init_nobinit_nopinit:__TI_auto_init_nobinit_nopinit)
                  000007f0    0000003c                         : boot_non_cortex_m.asm.obj (.text)
                  0000082c    00000020                         : args_main.c.obj (.text:_args_main)
                  0000084c    00000014                         : copy_decompress_none.c.obj (.text:decompress:none:__TI_decompress_none)
                  00000860    00000008                         : pre_init.c.obj (.text:_system_pre_init)
                  00000868    00000008                         : exit.c.obj (.text:abort:abort)
                  00000870    00000004                         : mpu_init.c.obj (.text:__mpu_init)

.data      0    00000874    00000051     UNINITIALIZED
                  00000874    00000050     GPIO.obj (.data:lookuptable)
                  000008c4    00000001     main.obj (.data)

.cinit     0    000010c8    00000058     
                  000010c8    00000048     (.cinit..data.load) [load image, compression = lzss]
                  00001110    00000008     (__TI_handler_table)
                  00001118    00000008     (__TI_cinit_table)

.init_array 
*          0    00000020    00000000     UNINITIALIZED

__llvm_prf_cnts 
*          0    00000020    00000000     UNINITIALIZED

.stack     0    000008c8    00000800     UNINITIALIZED
                  000008c8    00000800     --HOLE--

MODULE SUMMARY

       Module                       code   ro data   rw data
       ------                       ----   -------   -------
    .\Task1\Core\Src\
       GPIO.obj                     644    0         80     
       TIMER.obj                    364    0         0      
       main.obj                     160    0         1      
       NIVC.obj                     152    0         0      
    +--+----------------------------+------+---------+---------+
       Total:                       1320   0         81     
                                                            
    C:\ti\ccs1040\ccs\tools\compiler\ti-cgt-arm_20.2.5.LTS\lib\rtsv4_A_be_eabi.lib
       memcpy32.asm.obj             416    0         0      
       copy_decompress_lzss.c.obj   160    0         0      
       autoinit.c.obj               104    0         0      
       boot_non_cortex_m.asm.obj    60     0         0      
       args_main.c.obj              32     0         0      
       copy_decompress_none.c.obj   20     0         0      
       exit.c.obj                   8      0         0      
       pre_init.c.obj               8      0         0      
       mpu_init.c.obj               4      0         0      
    +--+----------------------------+------+---------+---------+
       Total:                       812    0         0      
                                                            
       Stack:                       0      0         2048   
       Linker Generated:            0      88        0      
    +--+----------------------------+------+---------+---------+
       Grand Total:                 2132   88        2129   


LINKER GENERATED COPY TABLES

__TI_cinit_table @ 00001118 records: 1, size/record: 8, table size: 8
	.data: load addr=000010c8, load size=00000048 bytes, run addr=00000874, run size=00000051 bytes, compression=lzss


LINKER GENERATED HANDLER TABLE

__TI_handler_table @ 00001110 records: 2, size/record: 4, table size: 8
	index: 0, handler: __TI_decompress_lzss
	index: 1, handler: __TI_decompress_none


GLOBAL SYMBOLS: SORTED ALPHABETICALLY BY Name 

address   name                          
-------   ----                          
00000868  C$$EXIT                       
00000020  GPIO_EnableClock              
00000048  GPIO_Init                     
0000023c  GPIO_ReadPin                  
00000170  GPIO_WritePin                 
000008c4  Led_toggle                    
000006f0  NVIC                          
00000698  TIM2_IRQHandler               
00000444  TIM_Init                      
00000548  TIM_Start                     
00000574  TIM_Stop                      
000010c8  __STACK_END                   
00000800  __STACK_SIZE                  
00001118  __TI_CINIT_Base               
00001120  __TI_CINIT_Limit              
00001110  __TI_Handler_Table_Base       
00001118  __TI_Handler_Table_Limit      
00000788  __TI_auto_init_nobinit_nopinit
000005b0  __TI_decompress_lzss          
0000084c  __TI_decompress_none          
ffffffff  __TI_pprof_out_hndl           
ffffffff  __TI_prof_data_size           
ffffffff  __TI_prof_data_start          
000010c8  __TI_static_base__            
000002a4  __aeabi_memcpy                
000002a4  __aeabi_memcpy4               
000002a4  __aeabi_memcpy8               
ffffffff  __binit__                     
ffffffff  __c_args__                    
00000870  __mpu_init                    
000008c8  __stack                       
00000020  __start___llvm_prf_cnts       
00000020  __stop___llvm_prf_cnts        
0000082c  _args_main                    
000007f0  _c_int00                      
UNDEFED   _system_post_cinit            
00000860  _system_pre_init              
00000868  abort                         
ffffffff  binit                         
00000874  lookuptable                   
00000650  main                          
000002a4  memcpy                        


GLOBAL SYMBOLS: SORTED BY Symbol Address 

address   name                          
-------   ----                          
00000020  GPIO_EnableClock              
00000020  __start___llvm_prf_cnts       
00000020  __stop___llvm_prf_cnts        
00000048  GPIO_Init                     
00000170  GPIO_WritePin                 
0000023c  GPIO_ReadPin                  
000002a4  __aeabi_memcpy                
000002a4  __aeabi_memcpy4               
000002a4  __aeabi_memcpy8               
000002a4  memcpy                        
00000444  TIM_Init                      
00000548  TIM_Start                     
00000574  TIM_Stop                      
000005b0  __TI_decompress_lzss          
00000650  main                          
00000698  TIM2_IRQHandler               
000006f0  NVIC                          
00000788  __TI_auto_init_nobinit_nopinit
000007f0  _c_int00                      
00000800  __STACK_SIZE                  
0000082c  _args_main                    
0000084c  __TI_decompress_none          
00000860  _system_pre_init              
00000868  C$$EXIT                       
00000868  abort                         
00000870  __mpu_init                    
00000874  lookuptable                   
000008c4  Led_toggle                    
000008c8  __stack                       
000010c8  __STACK_END                   
000010c8  __TI_static_base__            
00001110  __TI_Handler_Table_Base       
00001118  __TI_CINIT_Base               
00001118  __TI_Handler_Table_Limit      
00001120  __TI_CINIT_Limit              
ffffffff  __TI_pprof_out_hndl           
ffffffff  __TI_prof_data_size           
ffffffff  __TI_prof_data_start          
ffffffff  __binit__                     
ffffffff  __c_args__                    
ffffffff  binit                         
UNDEFED   _system_post_cinit            

[42 symbols]
