Archive member included to satisfy reference by file (symbol)

c:/st/stm32cubeide_1.7.0/stm32cubeide/plugins/com.st.stm32cube.ide.mcu.externaltools.gnu-tools-for-stm32.9-2020-q2-update.win32_2.0.0.202105311346/tools/bin/../lib/gcc/arm-none-eabi/9.3.1/../../../../arm-none-eabi/lib/thumb/v7e-m+fp/hard\libc_nano.a(lib_a-errno.o)
                              ./src/syscalls.o (__errno)
c:/st/stm32cubeide_1.7.0/stm32cubeide/plugins/com.st.stm32cube.ide.mcu.externaltools.gnu-tools-for-stm32.9-2020-q2-update.win32_2.0.0.202105311346/tools/bin/../lib/gcc/arm-none-eabi/9.3.1/../../../../arm-none-eabi/lib/thumb/v7e-m+fp/hard\libc_nano.a(lib_a-exit.o)
                              c:/st/stm32cubeide_1.7.0/stm32cubeide/plugins/com.st.stm32cube.ide.mcu.externaltools.gnu-tools-for-stm32.9-2020-q2-update.win32_2.0.0.202105311346/tools/bin/../lib/gcc/arm-none-eabi/9.3.1/../../../../arm-none-eabi/lib/thumb/v7e-m+fp/hard/crt0.o (exit)
c:/st/stm32cubeide_1.7.0/stm32cubeide/plugins/com.st.stm32cube.ide.mcu.externaltools.gnu-tools-for-stm32.9-2020-q2-update.win32_2.0.0.202105311346/tools/bin/../lib/gcc/arm-none-eabi/9.3.1/../../../../arm-none-eabi/lib/thumb/v7e-m+fp/hard\libc_nano.a(lib_a-impure.o)
                              c:/st/stm32cubeide_1.7.0/stm32cubeide/plugins/com.st.stm32cube.ide.mcu.externaltools.gnu-tools-for-stm32.9-2020-q2-update.win32_2.0.0.202105311346/tools/bin/../lib/gcc/arm-none-eabi/9.3.1/../../../../arm-none-eabi/lib/thumb/v7e-m+fp/hard\libc_nano.a(lib_a-exit.o) (_global_impure_ptr)
c:/st/stm32cubeide_1.7.0/stm32cubeide/plugins/com.st.stm32cube.ide.mcu.externaltools.gnu-tools-for-stm32.9-2020-q2-update.win32_2.0.0.202105311346/tools/bin/../lib/gcc/arm-none-eabi/9.3.1/../../../../arm-none-eabi/lib/thumb/v7e-m+fp/hard\libc_nano.a(lib_a-init.o)
                              c:/st/stm32cubeide_1.7.0/stm32cubeide/plugins/com.st.stm32cube.ide.mcu.externaltools.gnu-tools-for-stm32.9-2020-q2-update.win32_2.0.0.202105311346/tools/bin/../lib/gcc/arm-none-eabi/9.3.1/../../../../arm-none-eabi/lib/thumb/v7e-m+fp/hard/crt0.o (__libc_init_array)
c:/st/stm32cubeide_1.7.0/stm32cubeide/plugins/com.st.stm32cube.ide.mcu.externaltools.gnu-tools-for-stm32.9-2020-q2-update.win32_2.0.0.202105311346/tools/bin/../lib/gcc/arm-none-eabi/9.3.1/../../../../arm-none-eabi/lib/thumb/v7e-m+fp/hard\libc_nano.a(lib_a-memset.o)
                              c:/st/stm32cubeide_1.7.0/stm32cubeide/plugins/com.st.stm32cube.ide.mcu.externaltools.gnu-tools-for-stm32.9-2020-q2-update.win32_2.0.0.202105311346/tools/bin/../lib/gcc/arm-none-eabi/9.3.1/../../../../arm-none-eabi/lib/thumb/v7e-m+fp/hard/crt0.o (memset)

Discarded input sections

 .text          0x0000000000000000        0x0 c:/st/stm32cubeide_1.7.0/stm32cubeide/plugins/com.st.stm32cube.ide.mcu.externaltools.gnu-tools-for-stm32.9-2020-q2-update.win32_2.0.0.202105311346/tools/bin/../lib/gcc/arm-none-eabi/9.3.1/thumb/v7e-m+fp/hard/crti.o
 .data          0x0000000000000000        0x0 c:/st/stm32cubeide_1.7.0/stm32cubeide/plugins/com.st.stm32cube.ide.mcu.externaltools.gnu-tools-for-stm32.9-2020-q2-update.win32_2.0.0.202105311346/tools/bin/../lib/gcc/arm-none-eabi/9.3.1/thumb/v7e-m+fp/hard/crti.o
 .bss           0x0000000000000000        0x0 c:/st/stm32cubeide_1.7.0/stm32cubeide/plugins/com.st.stm32cube.ide.mcu.externaltools.gnu-tools-for-stm32.9-2020-q2-update.win32_2.0.0.202105311346/tools/bin/../lib/gcc/arm-none-eabi/9.3.1/thumb/v7e-m+fp/hard/crti.o
 .data          0x0000000000000000        0x4 c:/st/stm32cubeide_1.7.0/stm32cubeide/plugins/com.st.stm32cube.ide.mcu.externaltools.gnu-tools-for-stm32.9-2020-q2-update.win32_2.0.0.202105311346/tools/bin/../lib/gcc/arm-none-eabi/9.3.1/thumb/v7e-m+fp/hard/crtbegin.o
 .text          0x0000000000000000       0x7c c:/st/stm32cubeide_1.7.0/stm32cubeide/plugins/com.st.stm32cube.ide.mcu.externaltools.gnu-tools-for-stm32.9-2020-q2-update.win32_2.0.0.202105311346/tools/bin/../lib/gcc/arm-none-eabi/9.3.1/../../../../arm-none-eabi/lib/thumb/v7e-m+fp/hard/crt0.o
 .data          0x0000000000000000        0x0 c:/st/stm32cubeide_1.7.0/stm32cubeide/plugins/com.st.stm32cube.ide.mcu.externaltools.gnu-tools-for-stm32.9-2020-q2-update.win32_2.0.0.202105311346/tools/bin/../lib/gcc/arm-none-eabi/9.3.1/../../../../arm-none-eabi/lib/thumb/v7e-m+fp/hard/crt0.o
 .bss           0x0000000000000000        0x0 c:/st/stm32cubeide_1.7.0/stm32cubeide/plugins/com.st.stm32cube.ide.mcu.externaltools.gnu-tools-for-stm32.9-2020-q2-update.win32_2.0.0.202105311346/tools/bin/../lib/gcc/arm-none-eabi/9.3.1/../../../../arm-none-eabi/lib/thumb/v7e-m+fp/hard/crt0.o
 .ARM.extab     0x0000000000000000        0x0 c:/st/stm32cubeide_1.7.0/stm32cubeide/plugins/com.st.stm32cube.ide.mcu.externaltools.gnu-tools-for-stm32.9-2020-q2-update.win32_2.0.0.202105311346/tools/bin/../lib/gcc/arm-none-eabi/9.3.1/../../../../arm-none-eabi/lib/thumb/v7e-m+fp/hard/crt0.o
 .ARM.exidx     0x0000000000000000       0x10 c:/st/stm32cubeide_1.7.0/stm32cubeide/plugins/com.st.stm32cube.ide.mcu.externaltools.gnu-tools-for-stm32.9-2020-q2-update.win32_2.0.0.202105311346/tools/bin/../lib/gcc/arm-none-eabi/9.3.1/../../../../arm-none-eabi/lib/thumb/v7e-m+fp/hard/crt0.o
 .ARM.attributes
                0x0000000000000000       0x1c c:/st/stm32cubeide_1.7.0/stm32cubeide/plugins/com.st.stm32cube.ide.mcu.externaltools.gnu-tools-for-stm32.9-2020-q2-update.win32_2.0.0.202105311346/tools/bin/../lib/gcc/arm-none-eabi/9.3.1/../../../../arm-none-eabi/lib/thumb/v7e-m+fp/hard/crt0.o
 .group         0x0000000000000000        0xc ./Drivers/src/DIO.o
 .group         0x0000000000000000        0xc ./Drivers/src/DIO.o
 .group         0x0000000000000000        0xc ./Drivers/src/DIO.o
 .group         0x0000000000000000        0xc ./Drivers/src/DIO.o
 .group         0x0000000000000000        0xc ./Drivers/src/DIO.o
 .group         0x0000000000000000        0xc ./Drivers/src/DIO.o
 .group         0x0000000000000000        0xc ./Drivers/src/DIO.o
 .group         0x0000000000000000        0xc ./Drivers/src/DIO.o
 .group         0x0000000000000000        0xc ./Drivers/src/DIO.o
 .group         0x0000000000000000        0xc ./Drivers/src/DIO.o
 .group         0x0000000000000000        0xc ./Drivers/src/DIO.o
 .group         0x0000000000000000        0xc ./Drivers/src/DIO.o
 .group         0x0000000000000000        0xc ./Drivers/src/DIO.o
 .group         0x0000000000000000        0xc ./Drivers/src/DIO.o
 .text          0x0000000000000000        0x0 ./Drivers/src/DIO.o
 .bss           0x0000000000000000        0x0 ./Drivers/src/DIO.o
 .text.DIO_ChannelWrite
                0x0000000000000000       0xac ./Drivers/src/DIO.o
 .text.DIO_ChannelRead
                0x0000000000000000       0x84 ./Drivers/src/DIO.o
 .group         0x0000000000000000        0xc ./Drivers/src/DIO_Cfg.o
 .group         0x0000000000000000        0xc ./Drivers/src/DIO_Cfg.o
 .text          0x0000000000000000        0x0 ./Drivers/src/DIO_Cfg.o
 .data          0x0000000000000000        0x0 ./Drivers/src/DIO_Cfg.o
 .bss           0x0000000000000000        0x0 ./Drivers/src/DIO_Cfg.o
 .debug_macro   0x0000000000000000      0xab4 ./Drivers/src/DIO_Cfg.o
 .debug_macro   0x0000000000000000       0x10 ./Drivers/src/DIO_Cfg.o
 .group         0x0000000000000000        0xc ./src/main.o
 .group         0x0000000000000000        0xc ./src/main.o
 .group         0x0000000000000000        0xc ./src/main.o
 .group         0x0000000000000000        0xc ./src/main.o
 .group         0x0000000000000000        0xc ./src/main.o
 .group         0x0000000000000000        0xc ./src/main.o
 .group         0x0000000000000000        0xc ./src/main.o
 .group         0x0000000000000000        0xc ./src/main.o
 .group         0x0000000000000000        0xc ./src/main.o
 .group         0x0000000000000000        0xc ./src/main.o
 .group         0x0000000000000000        0xc ./src/main.o
 .group         0x0000000000000000        0xc ./src/main.o
 .group         0x0000000000000000        0xc ./src/main.o
 .text          0x0000000000000000        0x0 ./src/main.o
 .debug_macro   0x0000000000000000      0xab4 ./src/main.o
 .debug_macro   0x0000000000000000       0x65 ./src/main.o
 .debug_macro   0x0000000000000000       0x3b ./src/main.o
 .debug_macro   0x0000000000000000       0x22 ./src/main.o
 .debug_macro   0x0000000000000000       0x8e ./src/main.o
 .debug_macro   0x0000000000000000       0x51 ./src/main.o
 .debug_macro   0x0000000000000000      0x103 ./src/main.o
 .debug_macro   0x0000000000000000       0x6a ./src/main.o
 .debug_macro   0x0000000000000000      0x1df ./src/main.o
 .debug_macro   0x0000000000000000       0x34 ./src/main.o
 .debug_macro   0x0000000000000000       0x26 ./src/main.o
 .debug_macro   0x0000000000000000      0xe43 ./src/main.o
 .debug_macro   0x0000000000000000     0x800a ./src/main.o
 .group         0x0000000000000000        0xc ./src/syscalls.o
 .group         0x0000000000000000        0xc ./src/syscalls.o
 .group         0x0000000000000000        0xc ./src/syscalls.o
 .group         0x0000000000000000        0xc ./src/syscalls.o
 .group         0x0000000000000000        0xc ./src/syscalls.o
 .group         0x0000000000000000        0xc ./src/syscalls.o
 .group         0x0000000000000000        0xc ./src/syscalls.o
 .group         0x0000000000000000        0xc ./src/syscalls.o
 .group         0x0000000000000000        0xc ./src/syscalls.o
 .group         0x0000000000000000        0xc ./src/syscalls.o
 .group         0x0000000000000000        0xc ./src/syscalls.o
 .group         0x0000000000000000        0xc ./src/syscalls.o
 .group         0x0000000000000000        0xc ./src/syscalls.o
 .group         0x0000000000000000        0xc ./src/syscalls.o
 .group         0x0000000000000000        0xc ./src/syscalls.o
 .group         0x0000000000000000        0xc ./src/syscalls.o
 .group         0x0000000000000000        0xc ./src/syscalls.o
 .group         0x0000000000000000        0xc ./src/syscalls.o
 .group         0x0000000000000000        0xc ./src/syscalls.o
 .group         0x0000000000000000        0xc ./src/syscalls.o
 .group         0x0000000000000000        0xc ./src/syscalls.o
 .group         0x0000000000000000        0xc ./src/syscalls.o
 .group         0x0000000000000000        0xc ./src/syscalls.o
 .group         0x0000000000000000        0xc ./src/syscalls.o
 .group         0x0000000000000000        0xc ./src/syscalls.o
 .group         0x0000000000000000        0xc ./src/syscalls.o
 .group         0x0000000000000000        0xc ./src/syscalls.o
 .group         0x0000000000000000        0xc ./src/syscalls.o
 .group         0x0000000000000000        0xc ./src/syscalls.o
 .group         0x0000000000000000        0xc ./src/syscalls.o
 .group         0x0000000000000000        0xc ./src/syscalls.o
 .group         0x0000000000000000        0xc ./src/syscalls.o
 .group         0x0000000000000000        0xc ./src/syscalls.o
 .group         0x0000000000000000        0xc ./src/syscalls.o
 .group         0x0000000000000000        0xc ./src/syscalls.o
 .group         0x0000000000000000        0xc ./src/syscalls.o
 .group         0x0000000000000000        0xc ./src/syscalls.o
 .group         0x0000000000000000        0xc ./src/syscalls.o
 .group         0x0000000000000000        0xc ./src/syscalls.o
 .group         0x0000000000000000        0xc ./src/syscalls.o
 .group         0x0000000000000000        0xc ./src/syscalls.o
 .group         0x0000000000000000        0xc ./src/syscalls.o
 .group         0x0000000000000000        0xc ./src/syscalls.o
 .group         0x0000000000000000        0xc ./src/syscalls.o
 .group         0x0000000000000000        0xc ./src/syscalls.o
 .group         0x0000000000000000        0xc ./src/syscalls.o
 .group         0x0000000000000000        0xc ./src/syscalls.o
 .text          0x0000000000000000        0x0 ./src/syscalls.o
 .data          0x0000000000000000        0x4 ./src/syscalls.o
 .bss           0x0000000000000000        0x8 ./src/syscalls.o
 .text.initialise_monitor_handles
                0x0000000000000000        0xe ./src/syscalls.o
 .text._getpid  0x0000000000000000       0x10 ./src/syscalls.o
 .text._kill    0x0000000000000000       0x20 ./src/syscalls.o
 .text._exit    0x0000000000000000       0x14 ./src/syscalls.o
 .text._read    0x0000000000000000       0x3a ./src/syscalls.o
 .text._write   0x0000000000000000       0x38 ./src/syscalls.o
 .text._sbrk    0x0000000000000000       0x58 ./src/syscalls.o
 .text._close   0x0000000000000000       0x18 ./src/syscalls.o
 .text._fstat   0x0000000000000000       0x20 ./src/syscalls.o
 .text._isatty  0x0000000000000000       0x16 ./src/syscalls.o
 .text._lseek   0x0000000000000000       0x1a ./src/syscalls.o
 .text._open    0x0000000000000000       0x1c ./src/syscalls.o
 .text._wait    0x0000000000000000       0x1e ./src/syscalls.o
 .text._unlink  0x0000000000000000       0x1e ./src/syscalls.o
 .text._times   0x0000000000000000       0x18 ./src/syscalls.o
 .text._stat    0x0000000000000000       0x20 ./src/syscalls.o
 .text._link    0x0000000000000000       0x20 ./src/syscalls.o
 .text._fork    0x0000000000000000       0x16 ./src/syscalls.o
 .text._execve  0x0000000000000000       0x22 ./src/syscalls.o
 .debug_info    0x0000000000000000     0x101b ./src/syscalls.o
 .debug_abbrev  0x0000000000000000      0x2ac ./src/syscalls.o
 .debug_aranges
                0x0000000000000000       0xb0 ./src/syscalls.o
 .debug_ranges  0x0000000000000000       0xa0 ./src/syscalls.o
 .debug_macro   0x0000000000000000      0x24c ./src/syscalls.o
 .debug_macro   0x0000000000000000      0xab4 ./src/syscalls.o
 .debug_macro   0x0000000000000000       0x22 ./src/syscalls.o
 .debug_macro   0x0000000000000000       0x4c ./src/syscalls.o
 .debug_macro   0x0000000000000000       0x18 ./src/syscalls.o
 .debug_macro   0x0000000000000000       0x94 ./src/syscalls.o
 .debug_macro   0x0000000000000000       0x3c ./src/syscalls.o
 .debug_macro   0x0000000000000000       0x34 ./src/syscalls.o
 .debug_macro   0x0000000000000000       0x57 ./src/syscalls.o
 .debug_macro   0x0000000000000000      0x174 ./src/syscalls.o
 .debug_macro   0x0000000000000000      0x339 ./src/syscalls.o
 .debug_macro   0x0000000000000000       0x16 ./src/syscalls.o
 .debug_macro   0x0000000000000000       0x43 ./src/syscalls.o
 .debug_macro   0x0000000000000000       0x34 ./src/syscalls.o
 .debug_macro   0x0000000000000000       0x10 ./src/syscalls.o
 .debug_macro   0x0000000000000000       0x58 ./src/syscalls.o
 .debug_macro   0x0000000000000000       0x71 ./src/syscalls.o
 .debug_macro   0x0000000000000000       0x1c ./src/syscalls.o
 .debug_macro   0x0000000000000000      0x12a ./src/syscalls.o
 .debug_macro   0x0000000000000000       0x10 ./src/syscalls.o
 .debug_macro   0x0000000000000000       0x35 ./src/syscalls.o
 .debug_macro   0x0000000000000000       0x10 ./src/syscalls.o
 .debug_macro   0x0000000000000000       0x10 ./src/syscalls.o
 .debug_macro   0x0000000000000000       0x10 ./src/syscalls.o
 .debug_macro   0x0000000000000000       0x6a ./src/syscalls.o
 .debug_macro   0x0000000000000000       0x1c ./src/syscalls.o
 .debug_macro   0x0000000000000000       0x52 ./src/syscalls.o
 .debug_macro   0x0000000000000000       0x22 ./src/syscalls.o
 .debug_macro   0x0000000000000000       0x10 ./src/syscalls.o
 .debug_macro   0x0000000000000000       0x40 ./src/syscalls.o
 .debug_macro   0x0000000000000000       0xd5 ./src/syscalls.o
 .debug_macro   0x0000000000000000       0x1c ./src/syscalls.o
 .debug_macro   0x0000000000000000       0x3d ./src/syscalls.o
 .debug_macro   0x0000000000000000       0x35 ./src/syscalls.o
 .debug_macro   0x0000000000000000      0x12c ./src/syscalls.o
 .debug_macro   0x0000000000000000       0x16 ./src/syscalls.o
 .debug_macro   0x0000000000000000       0x16 ./src/syscalls.o
 .debug_macro   0x0000000000000000       0x29 ./src/syscalls.o
 .debug_macro   0x0000000000000000       0x10 ./src/syscalls.o
 .debug_macro   0x0000000000000000      0x241 ./src/syscalls.o
 .debug_macro   0x0000000000000000       0x1c ./src/syscalls.o
 .debug_macro   0x0000000000000000       0x10 ./src/syscalls.o
 .debug_macro   0x0000000000000000       0x10 ./src/syscalls.o
 .debug_macro   0x0000000000000000       0x16 ./src/syscalls.o
 .debug_macro   0x0000000000000000      0x145 ./src/syscalls.o
 .debug_macro   0x0000000000000000      0x189 ./src/syscalls.o
 .debug_macro   0x0000000000000000       0x16 ./src/syscalls.o
 .debug_macro   0x0000000000000000       0xce ./src/syscalls.o
 .debug_line    0x0000000000000000      0x83a ./src/syscalls.o
 .debug_str     0x0000000000000000     0x8eeb ./src/syscalls.o
 .comment       0x0000000000000000       0x54 ./src/syscalls.o
 .debug_frame   0x0000000000000000      0x2d0 ./src/syscalls.o
 .ARM.attributes
                0x0000000000000000       0x34 ./src/syscalls.o
 .group         0x0000000000000000        0xc ./src/system_stm32f4xx.o
 .group         0x0000000000000000        0xc ./src/system_stm32f4xx.o
 .group         0x0000000000000000        0xc ./src/system_stm32f4xx.o
 .group         0x0000000000000000        0xc ./src/system_stm32f4xx.o
 .group         0x0000000000000000        0xc ./src/system_stm32f4xx.o
 .group         0x0000000000000000        0xc ./src/system_stm32f4xx.o
 .group         0x0000000000000000        0xc ./src/system_stm32f4xx.o
 .group         0x0000000000000000        0xc ./src/system_stm32f4xx.o
 .group         0x0000000000000000        0xc ./src/system_stm32f4xx.o
 .group         0x0000000000000000        0xc ./src/system_stm32f4xx.o
 .group         0x0000000000000000        0xc ./src/system_stm32f4xx.o
 .group         0x0000000000000000        0xc ./src/system_stm32f4xx.o
 .group         0x0000000000000000        0xc ./src/system_stm32f4xx.o
 .text          0x0000000000000000        0x0 ./src/system_stm32f4xx.o
 .data          0x0000000000000000       0x14 ./src/system_stm32f4xx.o
 .bss           0x0000000000000000        0x0 ./src/system_stm32f4xx.o
 .text.SystemCoreClockUpdate
                0x0000000000000000      0x104 ./src/system_stm32f4xx.o
 .debug_macro   0x0000000000000000      0xab4 ./src/system_stm32f4xx.o
 .debug_macro   0x0000000000000000       0x65 ./src/system_stm32f4xx.o
 .debug_macro   0x0000000000000000       0x3b ./src/system_stm32f4xx.o
 .debug_macro   0x0000000000000000       0x22 ./src/system_stm32f4xx.o
 .debug_macro   0x0000000000000000       0x8e ./src/system_stm32f4xx.o
 .debug_macro   0x0000000000000000       0x51 ./src/system_stm32f4xx.o
 .debug_macro   0x0000000000000000      0x103 ./src/system_stm32f4xx.o
 .debug_macro   0x0000000000000000       0x6a ./src/system_stm32f4xx.o
 .debug_macro   0x0000000000000000      0x1df ./src/system_stm32f4xx.o
 .debug_macro   0x0000000000000000       0x34 ./src/system_stm32f4xx.o
 .debug_macro   0x0000000000000000       0x26 ./src/system_stm32f4xx.o
 .debug_macro   0x0000000000000000      0xe43 ./src/system_stm32f4xx.o
 .debug_macro   0x0000000000000000     0x800a ./src/system_stm32f4xx.o
 .text          0x0000000000000000       0x14 ./startup/startup_stm32.o
 .data          0x0000000000000000        0x0 ./startup/startup_stm32.o
 .bss           0x0000000000000000        0x0 ./startup/startup_stm32.o
 .text          0x0000000000000000        0x0 c:/st/stm32cubeide_1.7.0/stm32cubeide/plugins/com.st.stm32cube.ide.mcu.externaltools.gnu-tools-for-stm32.9-2020-q2-update.win32_2.0.0.202105311346/tools/bin/../lib/gcc/arm-none-eabi/9.3.1/../../../../arm-none-eabi/lib/thumb/v7e-m+fp/hard\libc_nano.a(lib_a-errno.o)
 .data          0x0000000000000000        0x0 c:/st/stm32cubeide_1.7.0/stm32cubeide/plugins/com.st.stm32cube.ide.mcu.externaltools.gnu-tools-for-stm32.9-2020-q2-update.win32_2.0.0.202105311346/tools/bin/../lib/gcc/arm-none-eabi/9.3.1/../../../../arm-none-eabi/lib/thumb/v7e-m+fp/hard\libc_nano.a(lib_a-errno.o)
 .bss           0x0000000000000000        0x0 c:/st/stm32cubeide_1.7.0/stm32cubeide/plugins/com.st.stm32cube.ide.mcu.externaltools.gnu-tools-for-stm32.9-2020-q2-update.win32_2.0.0.202105311346/tools/bin/../lib/gcc/arm-none-eabi/9.3.1/../../../../arm-none-eabi/lib/thumb/v7e-m+fp/hard\libc_nano.a(lib_a-errno.o)
 .text.__errno  0x0000000000000000        0xc c:/st/stm32cubeide_1.7.0/stm32cubeide/plugins/com.st.stm32cube.ide.mcu.externaltools.gnu-tools-for-stm32.9-2020-q2-update.win32_2.0.0.202105311346/tools/bin/../lib/gcc/arm-none-eabi/9.3.1/../../../../arm-none-eabi/lib/thumb/v7e-m+fp/hard\libc_nano.a(lib_a-errno.o)
 .debug_frame   0x0000000000000000       0x20 c:/st/stm32cubeide_1.7.0/stm32cubeide/plugins/com.st.stm32cube.ide.mcu.externaltools.gnu-tools-for-stm32.9-2020-q2-update.win32_2.0.0.202105311346/tools/bin/../lib/gcc/arm-none-eabi/9.3.1/../../../../arm-none-eabi/lib/thumb/v7e-m+fp/hard\libc_nano.a(lib_a-errno.o)
 .ARM.attributes
                0x0000000000000000       0x34 c:/st/stm32cubeide_1.7.0/stm32cubeide/plugins/com.st.stm32cube.ide.mcu.externaltools.gnu-tools-for-stm32.9-2020-q2-update.win32_2.0.0.202105311346/tools/bin/../lib/gcc/arm-none-eabi/9.3.1/../../../../arm-none-eabi/lib/thumb/v7e-m+fp/hard\libc_nano.a(lib_a-errno.o)
 .text          0x0000000000000000        0x0 c:/st/stm32cubeide_1.7.0/stm32cubeide/plugins/com.st.stm32cube.ide.mcu.externaltools.gnu-tools-for-stm32.9-2020-q2-update.win32_2.0.0.202105311346/tools/bin/../lib/gcc/arm-none-eabi/9.3.1/../../../../arm-none-eabi/lib/thumb/v7e-m+fp/hard\libc_nano.a(lib_a-exit.o)
 .data          0x0000000000000000        0x0 c:/st/stm32cubeide_1.7.0/stm32cubeide/plugins/com.st.stm32cube.ide.mcu.externaltools.gnu-tools-for-stm32.9-2020-q2-update.win32_2.0.0.202105311346/tools/bin/../lib/gcc/arm-none-eabi/9.3.1/../../../../arm-none-eabi/lib/thumb/v7e-m+fp/hard\libc_nano.a(lib_a-exit.o)
 .bss           0x0000000000000000        0x0 c:/st/stm32cubeide_1.7.0/stm32cubeide/plugins/com.st.stm32cube.ide.mcu.externaltools.gnu-tools-for-stm32.9-2020-q2-update.win32_2.0.0.202105311346/tools/bin/../lib/gcc/arm-none-eabi/9.3.1/../../../../arm-none-eabi/lib/thumb/v7e-m+fp/hard\libc_nano.a(lib_a-exit.o)
 .text.exit     0x0000000000000000       0x28 c:/st/stm32cubeide_1.7.0/stm32cubeide/plugins/com.st.stm32cube.ide.mcu.externaltools.gnu-tools-for-stm32.9-2020-q2-update.win32_2.0.0.202105311346/tools/bin/../lib/gcc/arm-none-eabi/9.3.1/../../../../arm-none-eabi/lib/thumb/v7e-m+fp/hard\libc_nano.a(lib_a-exit.o)
 .debug_frame   0x0000000000000000       0x28 c:/st/stm32cubeide_1.7.0/stm32cubeide/plugins/com.st.stm32cube.ide.mcu.externaltools.gnu-tools-for-stm32.9-2020-q2-update.win32_2.0.0.202105311346/tools/bin/../lib/gcc/arm-none-eabi/9.3.1/../../../../arm-none-eabi/lib/thumb/v7e-m+fp/hard\libc_nano.a(lib_a-exit.o)
 .ARM.attributes
                0x0000000000000000       0x34 c:/st/stm32cubeide_1.7.0/stm32cubeide/plugins/com.st.stm32cube.ide.mcu.externaltools.gnu-tools-for-stm32.9-2020-q2-update.win32_2.0.0.202105311346/tools/bin/../lib/gcc/arm-none-eabi/9.3.1/../../../../arm-none-eabi/lib/thumb/v7e-m+fp/hard\libc_nano.a(lib_a-exit.o)
 .text          0x0000000000000000        0x0 c:/st/stm32cubeide_1.7.0/stm32cubeide/plugins/com.st.stm32cube.ide.mcu.externaltools.gnu-tools-for-stm32.9-2020-q2-update.win32_2.0.0.202105311346/tools/bin/../lib/gcc/arm-none-eabi/9.3.1/../../../../arm-none-eabi/lib/thumb/v7e-m+fp/hard\libc_nano.a(lib_a-impure.o)
 .data          0x0000000000000000        0x0 c:/st/stm32cubeide_1.7.0/stm32cubeide/plugins/com.st.stm32cube.ide.mcu.externaltools.gnu-tools-for-stm32.9-2020-q2-update.win32_2.0.0.202105311346/tools/bin/../lib/gcc/arm-none-eabi/9.3.1/../../../../arm-none-eabi/lib/thumb/v7e-m+fp/hard\libc_nano.a(lib_a-impure.o)
 .bss           0x0000000000000000        0x0 c:/st/stm32cubeide_1.7.0/stm32cubeide/plugins/com.st.stm32cube.ide.mcu.externaltools.gnu-tools-for-stm32.9-2020-q2-update.win32_2.0.0.202105311346/tools/bin/../lib/gcc/arm-none-eabi/9.3.1/../../../../arm-none-eabi/lib/thumb/v7e-m+fp/hard\libc_nano.a(lib_a-impure.o)
 .data._impure_ptr
                0x0000000000000000        0x4 c:/st/stm32cubeide_1.7.0/stm32cubeide/plugins/com.st.stm32cube.ide.mcu.externaltools.gnu-tools-for-stm32.9-2020-q2-update.win32_2.0.0.202105311346/tools/bin/../lib/gcc/arm-none-eabi/9.3.1/../../../../arm-none-eabi/lib/thumb/v7e-m+fp/hard\libc_nano.a(lib_a-impure.o)
 .data.impure_data
                0x0000000000000000       0x60 c:/st/stm32cubeide_1.7.0/stm32cubeide/plugins/com.st.stm32cube.ide.mcu.externaltools.gnu-tools-for-stm32.9-2020-q2-update.win32_2.0.0.202105311346/tools/bin/../lib/gcc/arm-none-eabi/9.3.1/../../../../arm-none-eabi/lib/thumb/v7e-m+fp/hard\libc_nano.a(lib_a-impure.o)
 .rodata._global_impure_ptr
                0x0000000000000000        0x4 c:/st/stm32cubeide_1.7.0/stm32cubeide/plugins/com.st.stm32cube.ide.mcu.externaltools.gnu-tools-for-stm32.9-2020-q2-update.win32_2.0.0.202105311346/tools/bin/../lib/gcc/arm-none-eabi/9.3.1/../../../../arm-none-eabi/lib/thumb/v7e-m+fp/hard\libc_nano.a(lib_a-impure.o)
 .ARM.attributes
                0x0000000000000000       0x32 c:/st/stm32cubeide_1.7.0/stm32cubeide/plugins/com.st.stm32cube.ide.mcu.externaltools.gnu-tools-for-stm32.9-2020-q2-update.win32_2.0.0.202105311346/tools/bin/../lib/gcc/arm-none-eabi/9.3.1/../../../../arm-none-eabi/lib/thumb/v7e-m+fp/hard\libc_nano.a(lib_a-impure.o)
 .text          0x0000000000000000        0x0 c:/st/stm32cubeide_1.7.0/stm32cubeide/plugins/com.st.stm32cube.ide.mcu.externaltools.gnu-tools-for-stm32.9-2020-q2-update.win32_2.0.0.202105311346/tools/bin/../lib/gcc/arm-none-eabi/9.3.1/../../../../arm-none-eabi/lib/thumb/v7e-m+fp/hard\libc_nano.a(lib_a-init.o)
 .data          0x0000000000000000        0x0 c:/st/stm32cubeide_1.7.0/stm32cubeide/plugins/com.st.stm32cube.ide.mcu.externaltools.gnu-tools-for-stm32.9-2020-q2-update.win32_2.0.0.202105311346/tools/bin/../lib/gcc/arm-none-eabi/9.3.1/../../../../arm-none-eabi/lib/thumb/v7e-m+fp/hard\libc_nano.a(lib_a-init.o)
 .bss           0x0000000000000000        0x0 c:/st/stm32cubeide_1.7.0/stm32cubeide/plugins/com.st.stm32cube.ide.mcu.externaltools.gnu-tools-for-stm32.9-2020-q2-update.win32_2.0.0.202105311346/tools/bin/../lib/gcc/arm-none-eabi/9.3.1/../../../../arm-none-eabi/lib/thumb/v7e-m+fp/hard\libc_nano.a(lib_a-init.o)
 .text          0x0000000000000000        0x0 c:/st/stm32cubeide_1.7.0/stm32cubeide/plugins/com.st.stm32cube.ide.mcu.externaltools.gnu-tools-for-stm32.9-2020-q2-update.win32_2.0.0.202105311346/tools/bin/../lib/gcc/arm-none-eabi/9.3.1/../../../../arm-none-eabi/lib/thumb/v7e-m+fp/hard\libc_nano.a(lib_a-memset.o)
 .data          0x0000000000000000        0x0 c:/st/stm32cubeide_1.7.0/stm32cubeide/plugins/com.st.stm32cube.ide.mcu.externaltools.gnu-tools-for-stm32.9-2020-q2-update.win32_2.0.0.202105311346/tools/bin/../lib/gcc/arm-none-eabi/9.3.1/../../../../arm-none-eabi/lib/thumb/v7e-m+fp/hard\libc_nano.a(lib_a-memset.o)
 .bss           0x0000000000000000        0x0 c:/st/stm32cubeide_1.7.0/stm32cubeide/plugins/com.st.stm32cube.ide.mcu.externaltools.gnu-tools-for-stm32.9-2020-q2-update.win32_2.0.0.202105311346/tools/bin/../lib/gcc/arm-none-eabi/9.3.1/../../../../arm-none-eabi/lib/thumb/v7e-m+fp/hard\libc_nano.a(lib_a-memset.o)
 .text.memset   0x0000000000000000       0x10 c:/st/stm32cubeide_1.7.0/stm32cubeide/plugins/com.st.stm32cube.ide.mcu.externaltools.gnu-tools-for-stm32.9-2020-q2-update.win32_2.0.0.202105311346/tools/bin/../lib/gcc/arm-none-eabi/9.3.1/../../../../arm-none-eabi/lib/thumb/v7e-m+fp/hard\libc_nano.a(lib_a-memset.o)
 .debug_frame   0x0000000000000000       0x20 c:/st/stm32cubeide_1.7.0/stm32cubeide/plugins/com.st.stm32cube.ide.mcu.externaltools.gnu-tools-for-stm32.9-2020-q2-update.win32_2.0.0.202105311346/tools/bin/../lib/gcc/arm-none-eabi/9.3.1/../../../../arm-none-eabi/lib/thumb/v7e-m+fp/hard\libc_nano.a(lib_a-memset.o)
 .ARM.attributes
                0x0000000000000000       0x34 c:/st/stm32cubeide_1.7.0/stm32cubeide/plugins/com.st.stm32cube.ide.mcu.externaltools.gnu-tools-for-stm32.9-2020-q2-update.win32_2.0.0.202105311346/tools/bin/../lib/gcc/arm-none-eabi/9.3.1/../../../../arm-none-eabi/lib/thumb/v7e-m+fp/hard\libc_nano.a(lib_a-memset.o)
 .text          0x0000000000000000        0x0 c:/st/stm32cubeide_1.7.0/stm32cubeide/plugins/com.st.stm32cube.ide.mcu.externaltools.gnu-tools-for-stm32.9-2020-q2-update.win32_2.0.0.202105311346/tools/bin/../lib/gcc/arm-none-eabi/9.3.1/thumb/v7e-m+fp/hard/crtend.o
 .data          0x0000000000000000        0x0 c:/st/stm32cubeide_1.7.0/stm32cubeide/plugins/com.st.stm32cube.ide.mcu.externaltools.gnu-tools-for-stm32.9-2020-q2-update.win32_2.0.0.202105311346/tools/bin/../lib/gcc/arm-none-eabi/9.3.1/thumb/v7e-m+fp/hard/crtend.o
 .bss           0x0000000000000000        0x0 c:/st/stm32cubeide_1.7.0/stm32cubeide/plugins/com.st.stm32cube.ide.mcu.externaltools.gnu-tools-for-stm32.9-2020-q2-update.win32_2.0.0.202105311346/tools/bin/../lib/gcc/arm-none-eabi/9.3.1/thumb/v7e-m+fp/hard/crtend.o
 .eh_frame      0x0000000000000000        0x4 c:/st/stm32cubeide_1.7.0/stm32cubeide/plugins/com.st.stm32cube.ide.mcu.externaltools.gnu-tools-for-stm32.9-2020-q2-update.win32_2.0.0.202105311346/tools/bin/../lib/gcc/arm-none-eabi/9.3.1/thumb/v7e-m+fp/hard/crtend.o
 .ARM.attributes
                0x0000000000000000       0x32 c:/st/stm32cubeide_1.7.0/stm32cubeide/plugins/com.st.stm32cube.ide.mcu.externaltools.gnu-tools-for-stm32.9-2020-q2-update.win32_2.0.0.202105311346/tools/bin/../lib/gcc/arm-none-eabi/9.3.1/thumb/v7e-m+fp/hard/crtend.o
 .text          0x0000000000000000        0x0 c:/st/stm32cubeide_1.7.0/stm32cubeide/plugins/com.st.stm32cube.ide.mcu.externaltools.gnu-tools-for-stm32.9-2020-q2-update.win32_2.0.0.202105311346/tools/bin/../lib/gcc/arm-none-eabi/9.3.1/thumb/v7e-m+fp/hard/crtn.o
 .data          0x0000000000000000        0x0 c:/st/stm32cubeide_1.7.0/stm32cubeide/plugins/com.st.stm32cube.ide.mcu.externaltools.gnu-tools-for-stm32.9-2020-q2-update.win32_2.0.0.202105311346/tools/bin/../lib/gcc/arm-none-eabi/9.3.1/thumb/v7e-m+fp/hard/crtn.o
 .bss           0x0000000000000000        0x0 c:/st/stm32cubeide_1.7.0/stm32cubeide/plugins/com.st.stm32cube.ide.mcu.externaltools.gnu-tools-for-stm32.9-2020-q2-update.win32_2.0.0.202105311346/tools/bin/../lib/gcc/arm-none-eabi/9.3.1/thumb/v7e-m+fp/hard/crtn.o

Memory Configuration

Name             Origin             Length             Attributes
RAM              0x0000000020000000 0x0000000000010000 xrw
ROM              0x0000000008000000 0x0000000000040000 xr
*default*        0x0000000000000000 0xffffffffffffffff

Linker script and memory map

LOAD c:/st/stm32cubeide_1.7.0/stm32cubeide/plugins/com.st.stm32cube.ide.mcu.externaltools.gnu-tools-for-stm32.9-2020-q2-update.win32_2.0.0.202105311346/tools/bin/../lib/gcc/arm-none-eabi/9.3.1/thumb/v7e-m+fp/hard/crti.o
LOAD c:/st/stm32cubeide_1.7.0/stm32cubeide/plugins/com.st.stm32cube.ide.mcu.externaltools.gnu-tools-for-stm32.9-2020-q2-update.win32_2.0.0.202105311346/tools/bin/../lib/gcc/arm-none-eabi/9.3.1/thumb/v7e-m+fp/hard/crtbegin.o
LOAD c:/st/stm32cubeide_1.7.0/stm32cubeide/plugins/com.st.stm32cube.ide.mcu.externaltools.gnu-tools-for-stm32.9-2020-q2-update.win32_2.0.0.202105311346/tools/bin/../lib/gcc/arm-none-eabi/9.3.1/../../../../arm-none-eabi/lib/thumb/v7e-m+fp/hard/crt0.o
LOAD ./Drivers/src/DIO.o
LOAD ./Drivers/src/DIO_Cfg.o
LOAD ./src/main.o
LOAD ./src/syscalls.o
LOAD ./src/system_stm32f4xx.o
LOAD ./startup/startup_stm32.o
START GROUP
LOAD c:/st/stm32cubeide_1.7.0/stm32cubeide/plugins/com.st.stm32cube.ide.mcu.externaltools.gnu-tools-for-stm32.9-2020-q2-update.win32_2.0.0.202105311346/tools/bin/../lib/gcc/arm-none-eabi/9.3.1/../../../../arm-none-eabi/lib/thumb/v7e-m+fp/hard\libc_nano.a
LOAD c:/st/stm32cubeide_1.7.0/stm32cubeide/plugins/com.st.stm32cube.ide.mcu.externaltools.gnu-tools-for-stm32.9-2020-q2-update.win32_2.0.0.202105311346/tools/bin/../lib/gcc/arm-none-eabi/9.3.1/../../../../arm-none-eabi/lib/thumb/v7e-m+fp/hard\libm.a
END GROUP
START GROUP
LOAD c:/st/stm32cubeide_1.7.0/stm32cubeide/plugins/com.st.stm32cube.ide.mcu.externaltools.gnu-tools-for-stm32.9-2020-q2-update.win32_2.0.0.202105311346/tools/bin/../lib/gcc/arm-none-eabi/9.3.1/thumb/v7e-m+fp/hard\libgcc.a
LOAD c:/st/stm32cubeide_1.7.0/stm32cubeide/plugins/com.st.stm32cube.ide.mcu.externaltools.gnu-tools-for-stm32.9-2020-q2-update.win32_2.0.0.202105311346/tools/bin/../lib/gcc/arm-none-eabi/9.3.1/../../../../arm-none-eabi/lib/thumb/v7e-m+fp/hard\libc_nano.a
END GROUP
START GROUP
LOAD c:/st/stm32cubeide_1.7.0/stm32cubeide/plugins/com.st.stm32cube.ide.mcu.externaltools.gnu-tools-for-stm32.9-2020-q2-update.win32_2.0.0.202105311346/tools/bin/../lib/gcc/arm-none-eabi/9.3.1/thumb/v7e-m+fp/hard\libgcc.a
LOAD c:/st/stm32cubeide_1.7.0/stm32cubeide/plugins/com.st.stm32cube.ide.mcu.externaltools.gnu-tools-for-stm32.9-2020-q2-update.win32_2.0.0.202105311346/tools/bin/../lib/gcc/arm-none-eabi/9.3.1/../../../../arm-none-eabi/lib/thumb/v7e-m+fp/hard\libc_nano.a
LOAD c:/st/stm32cubeide_1.7.0/stm32cubeide/plugins/com.st.stm32cube.ide.mcu.externaltools.gnu-tools-for-stm32.9-2020-q2-update.win32_2.0.0.202105311346/tools/bin/../lib/gcc/arm-none-eabi/9.3.1/../../../../arm-none-eabi/lib/thumb/v7e-m+fp/hard\libnosys.a
END GROUP
START GROUP
LOAD c:/st/stm32cubeide_1.7.0/stm32cubeide/plugins/com.st.stm32cube.ide.mcu.externaltools.gnu-tools-for-stm32.9-2020-q2-update.win32_2.0.0.202105311346/tools/bin/../lib/gcc/arm-none-eabi/9.3.1/thumb/v7e-m+fp/hard\libgcc.a
LOAD c:/st/stm32cubeide_1.7.0/stm32cubeide/plugins/com.st.stm32cube.ide.mcu.externaltools.gnu-tools-for-stm32.9-2020-q2-update.win32_2.0.0.202105311346/tools/bin/../lib/gcc/arm-none-eabi/9.3.1/../../../../arm-none-eabi/lib/thumb/v7e-m+fp/hard\libc_nano.a
LOAD c:/st/stm32cubeide_1.7.0/stm32cubeide/plugins/com.st.stm32cube.ide.mcu.externaltools.gnu-tools-for-stm32.9-2020-q2-update.win32_2.0.0.202105311346/tools/bin/../lib/gcc/arm-none-eabi/9.3.1/../../../../arm-none-eabi/lib/thumb/v7e-m+fp/hard\libnosys.a
END GROUP
LOAD c:/st/stm32cubeide_1.7.0/stm32cubeide/plugins/com.st.stm32cube.ide.mcu.externaltools.gnu-tools-for-stm32.9-2020-q2-update.win32_2.0.0.202105311346/tools/bin/../lib/gcc/arm-none-eabi/9.3.1/thumb/v7e-m+fp/hard/crtend.o
LOAD c:/st/stm32cubeide_1.7.0/stm32cubeide/plugins/com.st.stm32cube.ide.mcu.externaltools.gnu-tools-for-stm32.9-2020-q2-update.win32_2.0.0.202105311346/tools/bin/../lib/gcc/arm-none-eabi/9.3.1/thumb/v7e-m+fp/hard/crtn.o
                0x0000000020010000                _estack = 0x20010000
                0x0000000000000000                _Min_Heap_Size = 0x0
                0x0000000000000400                _Min_Stack_Size = 0x400

.isr_vector     0x0000000008000000      0x194
                0x0000000008000000                . = ALIGN (0x4)
 *(.isr_vector)
 .isr_vector    0x0000000008000000      0x194 ./startup/startup_stm32.o
                0x0000000008000000                g_pfnVectors
                0x0000000008000194                . = ALIGN (0x4)

.text           0x0000000008000194      0x624
                0x0000000008000194                . = ALIGN (0x4)
 *(.text)
 .text          0x0000000008000194       0x40 c:/st/stm32cubeide_1.7.0/stm32cubeide/plugins/com.st.stm32cube.ide.mcu.externaltools.gnu-tools-for-stm32.9-2020-q2-update.win32_2.0.0.202105311346/tools/bin/../lib/gcc/arm-none-eabi/9.3.1/thumb/v7e-m+fp/hard/crtbegin.o
 *(.text*)
 .text.DIO_Init
                0x00000000080001d4      0x1c4 ./Drivers/src/DIO.o
                0x00000000080001d4                DIO_Init
 .text.DIO_ChannelWrite_Group
                0x0000000008000398       0xdc ./Drivers/src/DIO.o
                0x0000000008000398                DIO_ChannelWrite_Group
 .text.DIO_ChannelRead_Group
                0x0000000008000474       0xb8 ./Drivers/src/DIO.o
                0x0000000008000474                DIO_ChannelRead_Group
 .text.delay    0x000000000800052c       0x2a ./src/main.o
                0x000000000800052c                delay
 *fill*         0x0000000008000556        0x2 
 .text.main     0x0000000008000558       0x4c ./src/main.o
                0x0000000008000558                main
 .text.SystemInit
                0x00000000080005a4       0x6c ./src/system_stm32f4xx.o
                0x00000000080005a4                SystemInit
 .text.SetSysClock
                0x0000000008000610       0xf4 ./src/system_stm32f4xx.o
 .text.Reset_Handler
                0x0000000008000704       0x50 ./startup/startup_stm32.o
                0x0000000008000704                Reset_Handler
 .text.Default_Handler
                0x0000000008000754        0x2 ./startup/startup_stm32.o
                0x0000000008000754                RTC_Alarm_IRQHandler
                0x0000000008000754                EXTI2_IRQHandler
                0x0000000008000754                DebugMon_Handler
                0x0000000008000754                SPI4_IRQHandler
                0x0000000008000754                TIM1_CC_IRQHandler
                0x0000000008000754                HardFault_Handler
                0x0000000008000754                SysTick_Handler
                0x0000000008000754                PVD_IRQHandler
                0x0000000008000754                SDIO_IRQHandler
                0x0000000008000754                TAMP_STAMP_IRQHandler
                0x0000000008000754                PendSV_Handler
                0x0000000008000754                NMI_Handler
                0x0000000008000754                EXTI3_IRQHandler
                0x0000000008000754                TIM1_UP_TIM10_IRQHandler
                0x0000000008000754                I2C3_ER_IRQHandler
                0x0000000008000754                EXTI0_IRQHandler
                0x0000000008000754                I2C2_EV_IRQHandler
                0x0000000008000754                FPU_IRQHandler
                0x0000000008000754                UsageFault_Handler
                0x0000000008000754                SPI1_IRQHandler
                0x0000000008000754                TIM1_BRK_TIM9_IRQHandler
                0x0000000008000754                I2C1_EV_IRQHandler
                0x0000000008000754                TIM3_IRQHandler
                0x0000000008000754                RCC_IRQHandler
                0x0000000008000754                Default_Handler
                0x0000000008000754                EXTI15_10_IRQHandler
                0x0000000008000754                ADC_IRQHandler
                0x0000000008000754                I2C3_EV_IRQHandler
                0x0000000008000754                EXTI9_5_IRQHandler
                0x0000000008000754                RTC_WKUP_IRQHandler
                0x0000000008000754                SPI2_IRQHandler
                0x0000000008000754                MemManage_Handler
                0x0000000008000754                SVC_Handler
                0x0000000008000754                EXTI4_IRQHandler
                0x0000000008000754                TIM2_IRQHandler
                0x0000000008000754                OTG_FS_WKUP_IRQHandler
                0x0000000008000754                TIM1_TRG_COM_TIM11_IRQHandler
                0x0000000008000754                EXTI1_IRQHandler
                0x0000000008000754                I2C2_ER_IRQHandler
                0x0000000008000754                FLASH_IRQHandler
                0x0000000008000754                BusFault_Handler
                0x0000000008000754                OTG_FS_IRQHandler
                0x0000000008000754                SPI3_IRQHandler
                0x0000000008000754                I2C1_ER_IRQHandler
 *fill*         0x0000000008000756        0x2 
 .text.__libc_init_array
                0x0000000008000758       0x48 c:/st/stm32cubeide_1.7.0/stm32cubeide/plugins/com.st.stm32cube.ide.mcu.externaltools.gnu-tools-for-stm32.9-2020-q2-update.win32_2.0.0.202105311346/tools/bin/../lib/gcc/arm-none-eabi/9.3.1/../../../../arm-none-eabi/lib/thumb/v7e-m+fp/hard\libc_nano.a(lib_a-init.o)
                0x0000000008000758                __libc_init_array
 *(.glue_7)
 .glue_7        0x00000000080007a0        0x0 linker stubs
 *(.glue_7t)
 .glue_7t       0x00000000080007a0        0x0 linker stubs
 *(.eh_frame)
 .eh_frame      0x00000000080007a0        0x0 c:/st/stm32cubeide_1.7.0/stm32cubeide/plugins/com.st.stm32cube.ide.mcu.externaltools.gnu-tools-for-stm32.9-2020-q2-update.win32_2.0.0.202105311346/tools/bin/../lib/gcc/arm-none-eabi/9.3.1/thumb/v7e-m+fp/hard/crtbegin.o
 *(.init)
 .init          0x00000000080007a0        0x4 c:/st/stm32cubeide_1.7.0/stm32cubeide/plugins/com.st.stm32cube.ide.mcu.externaltools.gnu-tools-for-stm32.9-2020-q2-update.win32_2.0.0.202105311346/tools/bin/../lib/gcc/arm-none-eabi/9.3.1/thumb/v7e-m+fp/hard/crti.o
                0x00000000080007a0                _init
 .init          0x00000000080007a4        0x8 c:/st/stm32cubeide_1.7.0/stm32cubeide/plugins/com.st.stm32cube.ide.mcu.externaltools.gnu-tools-for-stm32.9-2020-q2-update.win32_2.0.0.202105311346/tools/bin/../lib/gcc/arm-none-eabi/9.3.1/thumb/v7e-m+fp/hard/crtn.o
 *(.fini)
 .fini          0x00000000080007ac        0x4 c:/st/stm32cubeide_1.7.0/stm32cubeide/plugins/com.st.stm32cube.ide.mcu.externaltools.gnu-tools-for-stm32.9-2020-q2-update.win32_2.0.0.202105311346/tools/bin/../lib/gcc/arm-none-eabi/9.3.1/thumb/v7e-m+fp/hard/crti.o
                0x00000000080007ac                _fini
 .fini          0x00000000080007b0        0x8 c:/st/stm32cubeide_1.7.0/stm32cubeide/plugins/com.st.stm32cube.ide.mcu.externaltools.gnu-tools-for-stm32.9-2020-q2-update.win32_2.0.0.202105311346/tools/bin/../lib/gcc/arm-none-eabi/9.3.1/thumb/v7e-m+fp/hard/crtn.o
                0x00000000080007b8                . = ALIGN (0x4)
                0x00000000080007b8                _etext = .

.vfp11_veneer   0x00000000080007b8        0x0
 .vfp11_veneer  0x00000000080007b8        0x0 linker stubs

.v4_bx          0x00000000080007b8        0x0
 .v4_bx         0x00000000080007b8        0x0 linker stubs

.iplt           0x00000000080007b8        0x0
 .iplt          0x00000000080007b8        0x0 c:/st/stm32cubeide_1.7.0/stm32cubeide/plugins/com.st.stm32cube.ide.mcu.externaltools.gnu-tools-for-stm32.9-2020-q2-update.win32_2.0.0.202105311346/tools/bin/../lib/gcc/arm-none-eabi/9.3.1/thumb/v7e-m+fp/hard/crtbegin.o

.rodata         0x00000000080007b8       0x1c
                0x00000000080007b8                . = ALIGN (0x4)
 *(.rodata)
 .rodata        0x00000000080007b8       0x19 ./Drivers/src/DIO_Cfg.o
                0x00000000080007b8                DIO_ConfigParam
 *(.rodata*)
                0x00000000080007d4                . = ALIGN (0x4)
 *fill*         0x00000000080007d1        0x3 

.rel.dyn        0x00000000080007d4        0x0
 .rel.iplt      0x00000000080007d4        0x0 c:/st/stm32cubeide_1.7.0/stm32cubeide/plugins/com.st.stm32cube.ide.mcu.externaltools.gnu-tools-for-stm32.9-2020-q2-update.win32_2.0.0.202105311346/tools/bin/../lib/gcc/arm-none-eabi/9.3.1/thumb/v7e-m+fp/hard/crtbegin.o

.ARM.extab      0x00000000080007d4        0x0
                0x00000000080007d4                . = ALIGN (0x4)
 *(.ARM.extab* .gnu.linkonce.armextab.*)
                0x00000000080007d4                . = ALIGN (0x4)

.ARM            0x00000000080007d4        0x0
                0x00000000080007d4                . = ALIGN (0x4)
                0x00000000080007d4                __exidx_start = .
 *(.ARM.exidx*)
                0x00000000080007d4                __exidx_end = .
                0x00000000080007d4                . = ALIGN (0x4)

.preinit_array  0x00000000080007d4        0x0
                0x00000000080007d4                . = ALIGN (0x4)
                0x00000000080007d4                PROVIDE (__preinit_array_start = .)
 *(.preinit_array*)
                0x00000000080007d4                PROVIDE (__preinit_array_end = .)
                0x00000000080007d4                . = ALIGN (0x4)

.init_array     0x00000000080007d4        0x4
                0x00000000080007d4                . = ALIGN (0x4)
                0x00000000080007d4                PROVIDE (__init_array_start = .)
 *(SORT_BY_NAME(.init_array.*))
 *(.init_array*)
 .init_array    0x00000000080007d4        0x4 c:/st/stm32cubeide_1.7.0/stm32cubeide/plugins/com.st.stm32cube.ide.mcu.externaltools.gnu-tools-for-stm32.9-2020-q2-update.win32_2.0.0.202105311346/tools/bin/../lib/gcc/arm-none-eabi/9.3.1/thumb/v7e-m+fp/hard/crtbegin.o
                0x00000000080007d8                PROVIDE (__init_array_end = .)
                0x00000000080007d8                . = ALIGN (0x4)

.fini_array     0x00000000080007d8        0x4
                0x00000000080007d8                . = ALIGN (0x4)
                [!provide]                        PROVIDE (__fini_array_start = .)
 *(SORT_BY_NAME(.fini_array.*))
 *(.fini_array*)
 .fini_array    0x00000000080007d8        0x4 c:/st/stm32cubeide_1.7.0/stm32cubeide/plugins/com.st.stm32cube.ide.mcu.externaltools.gnu-tools-for-stm32.9-2020-q2-update.win32_2.0.0.202105311346/tools/bin/../lib/gcc/arm-none-eabi/9.3.1/thumb/v7e-m+fp/hard/crtbegin.o
                [!provide]                        PROVIDE (__fini_array_end = .)
                0x00000000080007dc                . = ALIGN (0x4)
                0x00000000080007dc                _sidata = LOADADDR (.data)

.data           0x0000000020000000       0x1c load address 0x00000000080007dc
                0x0000000020000000                . = ALIGN (0x4)
                0x0000000020000000                _sdata = .
 *(.data)
 .data          0x0000000020000000       0x10 ./Drivers/src/DIO.o
                0x0000000020000000                Ports
 .data          0x0000000020000010        0xa ./src/main.o
                0x0000000020000010                ChannelsID
                0x0000000020000014                Data
                0x0000000020000018                ReadChannelsID
 *(.data*)
                0x000000002000001c                . = ALIGN (0x4)
 *fill*         0x000000002000001a        0x2 
                0x000000002000001c                _edata = .

.igot.plt       0x000000002000001c        0x0 load address 0x00000000080007f8
 .igot.plt      0x000000002000001c        0x0 c:/st/stm32cubeide_1.7.0/stm32cubeide/plugins/com.st.stm32cube.ide.mcu.externaltools.gnu-tools-for-stm32.9-2020-q2-update.win32_2.0.0.202105311346/tools/bin/../lib/gcc/arm-none-eabi/9.3.1/thumb/v7e-m+fp/hard/crtbegin.o
                0x000000002000001c                . = ALIGN (0x4)

.bss            0x000000002000001c       0x24 load address 0x00000000080007f8
                0x000000002000001c                _sbss = .
                0x000000002000001c                __bss_start__ = _sbss
 *(.bss)
 .bss           0x000000002000001c       0x1c c:/st/stm32cubeide_1.7.0/stm32cubeide/plugins/com.st.stm32cube.ide.mcu.externaltools.gnu-tools-for-stm32.9-2020-q2-update.win32_2.0.0.202105311346/tools/bin/../lib/gcc/arm-none-eabi/9.3.1/thumb/v7e-m+fp/hard/crtbegin.o
 .bss           0x0000000020000038        0x6 ./src/main.o
                0x0000000020000038                Clear
                0x000000002000003c                ReturnedData
 *(.bss*)
 *(COMMON)
                0x0000000020000040                . = ALIGN (0x4)
 *fill*         0x000000002000003e        0x2 
                0x0000000020000040                _ebss = .
                0x0000000020000040                __bss_end__ = _ebss

._user_heap_stack
                0x0000000020000040      0x400 load address 0x00000000080007f8
                0x0000000020000040                . = ALIGN (0x8)
                0x0000000020000040                PROVIDE (end = .)
                [!provide]                        PROVIDE (_end = .)
                0x0000000020000040                . = (. + _Min_Heap_Size)
                0x0000000020000440                . = (. + _Min_Stack_Size)
 *fill*         0x0000000020000040      0x400 
                0x0000000020000440                . = ALIGN (0x8)

/DISCARD/
 libc.a(*)
 libm.a(*)
 libgcc.a(*)

.ARM.attributes
                0x0000000000000000       0x30
 *(.ARM.attributes)
 .ARM.attributes
                0x0000000000000000       0x1e c:/st/stm32cubeide_1.7.0/stm32cubeide/plugins/com.st.stm32cube.ide.mcu.externaltools.gnu-tools-for-stm32.9-2020-q2-update.win32_2.0.0.202105311346/tools/bin/../lib/gcc/arm-none-eabi/9.3.1/thumb/v7e-m+fp/hard/crti.o
 .ARM.attributes
                0x000000000000001e       0x34 c:/st/stm32cubeide_1.7.0/stm32cubeide/plugins/com.st.stm32cube.ide.mcu.externaltools.gnu-tools-for-stm32.9-2020-q2-update.win32_2.0.0.202105311346/tools/bin/../lib/gcc/arm-none-eabi/9.3.1/thumb/v7e-m+fp/hard/crtbegin.o
 .ARM.attributes
                0x0000000000000052       0x34 ./Drivers/src/DIO.o
 .ARM.attributes
                0x0000000000000086       0x39 ./Drivers/src/DIO_Cfg.o
 .ARM.attributes
                0x00000000000000bf       0x34 ./src/main.o
 .ARM.attributes
                0x00000000000000f3       0x34 ./src/system_stm32f4xx.o
 .ARM.attributes
                0x0000000000000127       0x21 ./startup/startup_stm32.o
 .ARM.attributes
                0x0000000000000148       0x34 c:/st/stm32cubeide_1.7.0/stm32cubeide/plugins/com.st.stm32cube.ide.mcu.externaltools.gnu-tools-for-stm32.9-2020-q2-update.win32_2.0.0.202105311346/tools/bin/../lib/gcc/arm-none-eabi/9.3.1/../../../../arm-none-eabi/lib/thumb/v7e-m+fp/hard\libc_nano.a(lib_a-init.o)
 .ARM.attributes
                0x000000000000017c       0x1e c:/st/stm32cubeide_1.7.0/stm32cubeide/plugins/com.st.stm32cube.ide.mcu.externaltools.gnu-tools-for-stm32.9-2020-q2-update.win32_2.0.0.202105311346/tools/bin/../lib/gcc/arm-none-eabi/9.3.1/thumb/v7e-m+fp/hard/crtn.o
OUTPUT(42_proxy.elf elf32-littlearm)
LOAD linker stubs
LOAD c:/st/stm32cubeide_1.7.0/stm32cubeide/plugins/com.st.stm32cube.ide.mcu.externaltools.gnu-tools-for-stm32.9-2020-q2-update.win32_2.0.0.202105311346/tools/bin/../lib/gcc/arm-none-eabi/9.3.1/../../../../arm-none-eabi/lib/thumb/v7e-m+fp/hard\libc.a
LOAD c:/st/stm32cubeide_1.7.0/stm32cubeide/plugins/com.st.stm32cube.ide.mcu.externaltools.gnu-tools-for-stm32.9-2020-q2-update.win32_2.0.0.202105311346/tools/bin/../lib/gcc/arm-none-eabi/9.3.1/../../../../arm-none-eabi/lib/thumb/v7e-m+fp/hard\libm.a
LOAD c:/st/stm32cubeide_1.7.0/stm32cubeide/plugins/com.st.stm32cube.ide.mcu.externaltools.gnu-tools-for-stm32.9-2020-q2-update.win32_2.0.0.202105311346/tools/bin/../lib/gcc/arm-none-eabi/9.3.1/thumb/v7e-m+fp/hard\libgcc.a

.debug_info     0x0000000000000000      0xf53
 .debug_info    0x0000000000000000      0x693 ./Drivers/src/DIO.o
 .debug_info    0x0000000000000693       0xbb ./Drivers/src/DIO_Cfg.o
 .debug_info    0x000000000000074e      0x177 ./src/main.o
 .debug_info    0x00000000000008c5      0x66c ./src/system_stm32f4xx.o
 .debug_info    0x0000000000000f31       0x22 ./startup/startup_stm32.o

.debug_abbrev   0x0000000000000000      0x4a4
 .debug_abbrev  0x0000000000000000      0x1a0 ./Drivers/src/DIO.o
 .debug_abbrev  0x00000000000001a0       0x88 ./Drivers/src/DIO_Cfg.o
 .debug_abbrev  0x0000000000000228       0xef ./src/main.o
 .debug_abbrev  0x0000000000000317      0x17b ./src/system_stm32f4xx.o
 .debug_abbrev  0x0000000000000492       0x12 ./startup/startup_stm32.o

.debug_aranges  0x0000000000000000       0xd8
 .debug_aranges
                0x0000000000000000       0x40 ./Drivers/src/DIO.o
 .debug_aranges
                0x0000000000000040       0x18 ./Drivers/src/DIO_Cfg.o
 .debug_aranges
                0x0000000000000058       0x28 ./src/main.o
 .debug_aranges
                0x0000000000000080       0x30 ./src/system_stm32f4xx.o
 .debug_aranges
                0x00000000000000b0       0x28 ./startup/startup_stm32.o

.debug_ranges   0x0000000000000000       0xb8
 .debug_ranges  0x0000000000000000       0x60 ./Drivers/src/DIO.o
 .debug_ranges  0x0000000000000060       0x18 ./src/main.o
 .debug_ranges  0x0000000000000078       0x20 ./src/system_stm32f4xx.o
 .debug_ranges  0x0000000000000098       0x20 ./startup/startup_stm32.o

.debug_macro    0x0000000000000000     0xa0bc
 .debug_macro   0x0000000000000000       0xc6 ./Drivers/src/DIO.o
 .debug_macro   0x00000000000000c6      0xab4 ./Drivers/src/DIO.o
 .debug_macro   0x0000000000000b7a       0x10 ./Drivers/src/DIO.o
 .debug_macro   0x0000000000000b8a       0x65 ./Drivers/src/DIO.o
 .debug_macro   0x0000000000000bef       0x3b ./Drivers/src/DIO.o
 .debug_macro   0x0000000000000c2a       0x22 ./Drivers/src/DIO.o
 .debug_macro   0x0000000000000c4c       0x8e ./Drivers/src/DIO.o
 .debug_macro   0x0000000000000cda       0x51 ./Drivers/src/DIO.o
 .debug_macro   0x0000000000000d2b      0x103 ./Drivers/src/DIO.o
 .debug_macro   0x0000000000000e2e       0x6a ./Drivers/src/DIO.o
 .debug_macro   0x0000000000000e98      0x1df ./Drivers/src/DIO.o
 .debug_macro   0x0000000000001077       0x34 ./Drivers/src/DIO.o
 .debug_macro   0x00000000000010ab       0x26 ./Drivers/src/DIO.o
 .debug_macro   0x00000000000010d1      0xe43 ./Drivers/src/DIO.o
 .debug_macro   0x0000000000001f14     0x800a ./Drivers/src/DIO.o
 .debug_macro   0x0000000000009f1e       0x1a ./Drivers/src/DIO_Cfg.o
 .debug_macro   0x0000000000009f38       0xb5 ./src/main.o
 .debug_macro   0x0000000000009fed       0xcf ./src/system_stm32f4xx.o

.debug_line     0x0000000000000000     0x1252
 .debug_line    0x0000000000000000      0x6d4 ./Drivers/src/DIO.o
 .debug_line    0x00000000000006d4       0x75 ./Drivers/src/DIO_Cfg.o
 .debug_line    0x0000000000000749      0x4c7 ./src/main.o
 .debug_line    0x0000000000000c10      0x5c6 ./src/system_stm32f4xx.o
 .debug_line    0x00000000000011d6       0x7c ./startup/startup_stm32.o

.debug_str      0x0000000000000000    0x359bb
 .debug_str     0x0000000000000000    0x357eb ./Drivers/src/DIO.o
                                      0x35975 (size before relaxing)
 .debug_str     0x00000000000357eb       0x19 ./Drivers/src/DIO_Cfg.o
                                       0x2e4d (size before relaxing)
 .debug_str     0x0000000000035804       0x3a ./src/main.o
                                      0x3569f (size before relaxing)
 .debug_str     0x000000000003583e      0x154 ./src/system_stm32f4xx.o
                                      0x358de (size before relaxing)
 .debug_str     0x0000000000035992       0x29 ./startup/startup_stm32.o
                                         0x52 (size before relaxing)

.comment        0x0000000000000000       0x53
 .comment       0x0000000000000000       0x53 ./Drivers/src/DIO.o
                                         0x54 (size before relaxing)
 .comment       0x0000000000000053       0x54 ./Drivers/src/DIO_Cfg.o
 .comment       0x0000000000000053       0x54 ./src/main.o
 .comment       0x0000000000000053       0x54 ./src/system_stm32f4xx.o

.debug_frame    0x0000000000000000      0x1d4
 .debug_frame   0x0000000000000000       0xd8 ./Drivers/src/DIO.o
 .debug_frame   0x00000000000000d8       0x54 ./src/main.o
 .debug_frame   0x000000000000012c       0x7c ./src/system_stm32f4xx.o
 .debug_frame   0x00000000000001a8       0x2c c:/st/stm32cubeide_1.7.0/stm32cubeide/plugins/com.st.stm32cube.ide.mcu.externaltools.gnu-tools-for-stm32.9-2020-q2-update.win32_2.0.0.202105311346/tools/bin/../lib/gcc/arm-none-eabi/9.3.1/../../../../arm-none-eabi/lib/thumb/v7e-m+fp/hard\libc_nano.a(lib_a-init.o)
