Archive member included to satisfy reference by file (symbol)

c:/st/stm32cubeide_1.7.0/stm32cubeide/plugins/com.st.stm32cube.ide.mcu.externaltools.gnu-tools-for-stm32.9-2020-q2-update.win32_2.0.0.202105311346/tools/bin/../lib/gcc/arm-none-eabi/9.3.1/../../../../arm-none-eabi/lib/thumb/v7e-m+fp/hard\libc_nano.a(lib_a-errno.o)
                              ./src/syscalls.o (__errno)
c:/st/stm32cubeide_1.7.0/stm32cubeide/plugins/com.st.stm32cube.ide.mcu.externaltools.gnu-tools-for-stm32.9-2020-q2-update.win32_2.0.0.202105311346/tools/bin/../lib/gcc/arm-none-eabi/9.3.1/../../../../arm-none-eabi/lib/thumb/v7e-m+fp/hard\libc_nano.a(lib_a-exit.o)
                              c:/st/stm32cubeide_1.7.0/stm32cubeide/plugins/com.st.stm32cube.ide.mcu.externaltools.gnu-tools-for-stm32.9-2020-q2-update.win32_2.0.0.202105311346/tools/bin/../lib/gcc/arm-none-eabi/9.3.1/../../../../arm-none-eabi/lib/thumb/v7e-m+fp/hard/crt0.o (exit)
c:/st/stm32cubeide_1.7.0/stm32cubeide/plugins/com.st.stm32cube.ide.mcu.externaltools.gnu-tools-for-stm32.9-2020-q2-update.win32_2.0.0.202105311346/tools/bin/../lib/gcc/arm-none-eabi/9.3.1/../../../../arm-none-eabi/lib/thumb/v7e-m+fp/hard\libc_nano.a(lib_a-impure.o)
                              c:/st/stm32cubeide_1.7.0/stm32cubeide/plugins/com.st.stm32cube.ide.mcu.externaltools.gnu-tools-for-stm32.9-2020-q2-update.win32_2.0.0.202105311346/tools/bin/../lib/gcc/arm-none-eabi/9.3.1/../../../../arm-none-eabi/lib/thumb/v7e-m+fp/hard\libc_nano.a(lib_a-exit.o) (_global_impure_ptr)
c:/st/stm32cubeide_1.7.0/stm32cubeide/plugins/com.st.stm32cube.ide.mcu.externaltools.gnu-tools-for-stm32.9-2020-q2-update.win32_2.0.0.202105311346/tools/bin/../lib/gcc/arm-none-eabi/9.3.1/../../../../arm-none-eabi/lib/thumb/v7e-m+fp/hard\libc_nano.a(lib_a-init.o)
                              c:/st/stm32cubeide_1.7.0/stm32cubeide/plugins/com.st.stm32cube.ide.mcu.externaltools.gnu-tools-for-stm32.9-2020-q2-update.win32_2.0.0.202105311346/tools/bin/../lib/gcc/arm-none-eabi/9.3.1/../../../../arm-none-eabi/lib/thumb/v7e-m+fp/hard/crt0.o (__libc_init_array)
c:/st/stm32cubeide_1.7.0/stm32cubeide/plugins/com.st.stm32cube.ide.mcu.externaltools.gnu-tools-for-stm32.9-2020-q2-update.win32_2.0.0.202105311346/tools/bin/../lib/gcc/arm-none-eabi/9.3.1/../../../../arm-none-eabi/lib/thumb/v7e-m+fp/hard\libc_nano.a(lib_a-memset.o)
                              c:/st/stm32cubeide_1.7.0/stm32cubeide/plugins/com.st.stm32cube.ide.mcu.externaltools.gnu-tools-for-stm32.9-2020-q2-update.win32_2.0.0.202105311346/tools/bin/../lib/gcc/arm-none-eabi/9.3.1/../../../../arm-none-eabi/lib/thumb/v7e-m+fp/hard/crt0.o (memset)

Allocating common symbols
Common symbol       size              file

functionsptr        0x4               ./Drivers/src/device.o
returned            0x1               ./src/main.o
button              0x1               ./Drivers/src/PollDataClient.o
data                0x1               ./Drivers/src/device.o

Discarded input sections

 .text          0x0000000000000000        0x0 c:/st/stm32cubeide_1.7.0/stm32cubeide/plugins/com.st.stm32cube.ide.mcu.externaltools.gnu-tools-for-stm32.9-2020-q2-update.win32_2.0.0.202105311346/tools/bin/../lib/gcc/arm-none-eabi/9.3.1/thumb/v7e-m+fp/hard/crti.o
 .data          0x0000000000000000        0x0 c:/st/stm32cubeide_1.7.0/stm32cubeide/plugins/com.st.stm32cube.ide.mcu.externaltools.gnu-tools-for-stm32.9-2020-q2-update.win32_2.0.0.202105311346/tools/bin/../lib/gcc/arm-none-eabi/9.3.1/thumb/v7e-m+fp/hard/crti.o
 .bss           0x0000000000000000        0x0 c:/st/stm32cubeide_1.7.0/stm32cubeide/plugins/com.st.stm32cube.ide.mcu.externaltools.gnu-tools-for-stm32.9-2020-q2-update.win32_2.0.0.202105311346/tools/bin/../lib/gcc/arm-none-eabi/9.3.1/thumb/v7e-m+fp/hard/crti.o
 .data          0x0000000000000000        0x4 c:/st/stm32cubeide_1.7.0/stm32cubeide/plugins/com.st.stm32cube.ide.mcu.externaltools.gnu-tools-for-stm32.9-2020-q2-update.win32_2.0.0.202105311346/tools/bin/../lib/gcc/arm-none-eabi/9.3.1/thumb/v7e-m+fp/hard/crtbegin.o
 .text          0x0000000000000000       0x7c c:/st/stm32cubeide_1.7.0/stm32cubeide/plugins/com.st.stm32cube.ide.mcu.externaltools.gnu-tools-for-stm32.9-2020-q2-update.win32_2.0.0.202105311346/tools/bin/../lib/gcc/arm-none-eabi/9.3.1/../../../../arm-none-eabi/lib/thumb/v7e-m+fp/hard/crt0.o
 .data          0x0000000000000000        0x0 c:/st/stm32cubeide_1.7.0/stm32cubeide/plugins/com.st.stm32cube.ide.mcu.externaltools.gnu-tools-for-stm32.9-2020-q2-update.win32_2.0.0.202105311346/tools/bin/../lib/gcc/arm-none-eabi/9.3.1/../../../../arm-none-eabi/lib/thumb/v7e-m+fp/hard/crt0.o
 .bss           0x0000000000000000        0x0 c:/st/stm32cubeide_1.7.0/stm32cubeide/plugins/com.st.stm32cube.ide.mcu.externaltools.gnu-tools-for-stm32.9-2020-q2-update.win32_2.0.0.202105311346/tools/bin/../lib/gcc/arm-none-eabi/9.3.1/../../../../arm-none-eabi/lib/thumb/v7e-m+fp/hard/crt0.o
 .ARM.extab     0x0000000000000000        0x0 c:/st/stm32cubeide_1.7.0/stm32cubeide/plugins/com.st.stm32cube.ide.mcu.externaltools.gnu-tools-for-stm32.9-2020-q2-update.win32_2.0.0.202105311346/tools/bin/../lib/gcc/arm-none-eabi/9.3.1/../../../../arm-none-eabi/lib/thumb/v7e-m+fp/hard/crt0.o
 .ARM.exidx     0x0000000000000000       0x10 c:/st/stm32cubeide_1.7.0/stm32cubeide/plugins/com.st.stm32cube.ide.mcu.externaltools.gnu-tools-for-stm32.9-2020-q2-update.win32_2.0.0.202105311346/tools/bin/../lib/gcc/arm-none-eabi/9.3.1/../../../../arm-none-eabi/lib/thumb/v7e-m+fp/hard/crt0.o
 .ARM.attributes
                0x0000000000000000       0x1c c:/st/stm32cubeide_1.7.0/stm32cubeide/plugins/com.st.stm32cube.ide.mcu.externaltools.gnu-tools-for-stm32.9-2020-q2-update.win32_2.0.0.202105311346/tools/bin/../lib/gcc/arm-none-eabi/9.3.1/../../../../arm-none-eabi/lib/thumb/v7e-m+fp/hard/crt0.o
 .group         0x0000000000000000        0xc ./Drivers/src/GPIO.o
 .group         0x0000000000000000        0xc ./Drivers/src/GPIO.o
 .text          0x0000000000000000        0x0 ./Drivers/src/GPIO.o
 .bss           0x0000000000000000        0x0 ./Drivers/src/GPIO.o
 .group         0x0000000000000000        0xc ./Drivers/src/PollDataClient.o
 .group         0x0000000000000000        0xc ./Drivers/src/PollDataClient.o
 .group         0x0000000000000000        0xc ./Drivers/src/PollDataClient.o
 .group         0x0000000000000000        0xc ./Drivers/src/PollDataClient.o
 .group         0x0000000000000000        0xc ./Drivers/src/PollDataClient.o
 .group         0x0000000000000000        0xc ./Drivers/src/PollDataClient.o
 .group         0x0000000000000000        0xc ./Drivers/src/PollDataClient.o
 .group         0x0000000000000000        0xc ./Drivers/src/PollDataClient.o
 .group         0x0000000000000000        0xc ./Drivers/src/PollDataClient.o
 .group         0x0000000000000000        0xc ./Drivers/src/PollDataClient.o
 .group         0x0000000000000000        0xc ./Drivers/src/PollDataClient.o
 .group         0x0000000000000000        0xc ./Drivers/src/PollDataClient.o
 .group         0x0000000000000000        0xc ./Drivers/src/PollDataClient.o
 .group         0x0000000000000000        0xc ./Drivers/src/PollDataClient.o
 .text          0x0000000000000000        0x0 ./Drivers/src/PollDataClient.o
 .data          0x0000000000000000        0x0 ./Drivers/src/PollDataClient.o
 .bss           0x0000000000000000        0x0 ./Drivers/src/PollDataClient.o
 .debug_macro   0x0000000000000000      0xab4 ./Drivers/src/PollDataClient.o
 .debug_macro   0x0000000000000000       0xe8 ./Drivers/src/PollDataClient.o
 COMMON         0x0000000000000000        0x1 ./Drivers/src/PollDataClient.o
 .group         0x0000000000000000        0xc ./Drivers/src/PollerTimer.o
 .group         0x0000000000000000        0xc ./Drivers/src/PollerTimer.o
 .group         0x0000000000000000        0xc ./Drivers/src/PollerTimer.o
 .group         0x0000000000000000        0xc ./Drivers/src/PollerTimer.o
 .group         0x0000000000000000        0xc ./Drivers/src/PollerTimer.o
 .group         0x0000000000000000        0xc ./Drivers/src/PollerTimer.o
 .group         0x0000000000000000        0xc ./Drivers/src/PollerTimer.o
 .group         0x0000000000000000        0xc ./Drivers/src/PollerTimer.o
 .group         0x0000000000000000        0xc ./Drivers/src/PollerTimer.o
 .group         0x0000000000000000        0xc ./Drivers/src/PollerTimer.o
 .group         0x0000000000000000        0xc ./Drivers/src/PollerTimer.o
 .group         0x0000000000000000        0xc ./Drivers/src/PollerTimer.o
 .group         0x0000000000000000        0xc ./Drivers/src/PollerTimer.o
 .text          0x0000000000000000        0x0 ./Drivers/src/PollerTimer.o
 .data          0x0000000000000000        0x0 ./Drivers/src/PollerTimer.o
 .bss           0x0000000000000000        0x0 ./Drivers/src/PollerTimer.o
 .text.NVIC_DisableIRQ
                0x0000000000000000       0x34 ./Drivers/src/PollerTimer.o
 .text.StopTimer
                0x0000000000000000       0x22 ./Drivers/src/PollerTimer.o
 .text.DisableInterrupt
                0x0000000000000000       0x22 ./Drivers/src/PollerTimer.o
 .debug_macro   0x0000000000000000      0xab4 ./Drivers/src/PollerTimer.o
 .debug_macro   0x0000000000000000       0x65 ./Drivers/src/PollerTimer.o
 .debug_macro   0x0000000000000000       0x3b ./Drivers/src/PollerTimer.o
 .debug_macro   0x0000000000000000       0x22 ./Drivers/src/PollerTimer.o
 .debug_macro   0x0000000000000000       0x8e ./Drivers/src/PollerTimer.o
 .debug_macro   0x0000000000000000       0x51 ./Drivers/src/PollerTimer.o
 .debug_macro   0x0000000000000000      0x103 ./Drivers/src/PollerTimer.o
 .debug_macro   0x0000000000000000       0x6a ./Drivers/src/PollerTimer.o
 .debug_macro   0x0000000000000000      0x1df ./Drivers/src/PollerTimer.o
 .debug_macro   0x0000000000000000       0x34 ./Drivers/src/PollerTimer.o
 .debug_macro   0x0000000000000000       0x26 ./Drivers/src/PollerTimer.o
 .debug_macro   0x0000000000000000      0xe43 ./Drivers/src/PollerTimer.o
 .debug_macro   0x0000000000000000     0x800a ./Drivers/src/PollerTimer.o
 .group         0x0000000000000000        0xc ./Drivers/src/device.o
 .group         0x0000000000000000        0xc ./Drivers/src/device.o
 .group         0x0000000000000000        0xc ./Drivers/src/device.o
 .group         0x0000000000000000        0xc ./Drivers/src/device.o
 .group         0x0000000000000000        0xc ./Drivers/src/device.o
 .group         0x0000000000000000        0xc ./Drivers/src/device.o
 .group         0x0000000000000000        0xc ./Drivers/src/device.o
 .group         0x0000000000000000        0xc ./Drivers/src/device.o
 .group         0x0000000000000000        0xc ./Drivers/src/device.o
 .group         0x0000000000000000        0xc ./Drivers/src/device.o
 .group         0x0000000000000000        0xc ./Drivers/src/device.o
 .group         0x0000000000000000        0xc ./Drivers/src/device.o
 .group         0x0000000000000000        0xc ./Drivers/src/device.o
 .group         0x0000000000000000        0xc ./Drivers/src/device.o
 .text          0x0000000000000000        0x0 ./Drivers/src/device.o
 .data          0x0000000000000000        0x0 ./Drivers/src/device.o
 .bss           0x0000000000000000        0x0 ./Drivers/src/device.o
 .text.unsubscribe
                0x0000000000000000       0x24 ./Drivers/src/device.o
 .debug_macro   0x0000000000000000      0xab4 ./Drivers/src/device.o
 .debug_macro   0x0000000000000000       0x65 ./Drivers/src/device.o
 .debug_macro   0x0000000000000000       0x3b ./Drivers/src/device.o
 .debug_macro   0x0000000000000000       0x22 ./Drivers/src/device.o
 .debug_macro   0x0000000000000000       0x8e ./Drivers/src/device.o
 .debug_macro   0x0000000000000000       0x51 ./Drivers/src/device.o
 .debug_macro   0x0000000000000000      0x103 ./Drivers/src/device.o
 .debug_macro   0x0000000000000000       0x6a ./Drivers/src/device.o
 .debug_macro   0x0000000000000000      0x1df ./Drivers/src/device.o
 .debug_macro   0x0000000000000000       0x34 ./Drivers/src/device.o
 .debug_macro   0x0000000000000000       0x26 ./Drivers/src/device.o
 .debug_macro   0x0000000000000000      0xe43 ./Drivers/src/device.o
 .debug_macro   0x0000000000000000     0x800a ./Drivers/src/device.o
 .debug_macro   0x0000000000000000       0xe8 ./Drivers/src/device.o
 .group         0x0000000000000000        0xc ./Drivers/src/poller.o
 .text          0x0000000000000000        0x0 ./Drivers/src/poller.o
 .text.StopPolling
                0x0000000000000000       0x18 ./Drivers/src/poller.o
 .debug_macro   0x0000000000000000      0xab4 ./Drivers/src/poller.o
 .group         0x0000000000000000        0xc ./src/main.o
 .group         0x0000000000000000        0xc ./src/main.o
 .group         0x0000000000000000        0xc ./src/main.o
 .group         0x0000000000000000        0xc ./src/main.o
 .group         0x0000000000000000        0xc ./src/main.o
 .group         0x0000000000000000        0xc ./src/main.o
 .group         0x0000000000000000        0xc ./src/main.o
 .group         0x0000000000000000        0xc ./src/main.o
 .group         0x0000000000000000        0xc ./src/main.o
 .group         0x0000000000000000        0xc ./src/main.o
 .group         0x0000000000000000        0xc ./src/main.o
 .group         0x0000000000000000        0xc ./src/main.o
 .group         0x0000000000000000        0xc ./src/main.o
 .group         0x0000000000000000        0xc ./src/main.o
 .text          0x0000000000000000        0x0 ./src/main.o
 .data          0x0000000000000000        0x0 ./src/main.o
 .bss           0x0000000000000000        0x0 ./src/main.o
 .debug_macro   0x0000000000000000      0xab4 ./src/main.o
 .debug_macro   0x0000000000000000       0x65 ./src/main.o
 .debug_macro   0x0000000000000000       0x3b ./src/main.o
 .debug_macro   0x0000000000000000       0x22 ./src/main.o
 .debug_macro   0x0000000000000000       0x8e ./src/main.o
 .debug_macro   0x0000000000000000       0x51 ./src/main.o
 .debug_macro   0x0000000000000000      0x103 ./src/main.o
 .debug_macro   0x0000000000000000       0x6a ./src/main.o
 .debug_macro   0x0000000000000000      0x1df ./src/main.o
 .debug_macro   0x0000000000000000       0x34 ./src/main.o
 .debug_macro   0x0000000000000000       0x26 ./src/main.o
 .debug_macro   0x0000000000000000      0xe43 ./src/main.o
 .debug_macro   0x0000000000000000     0x800a ./src/main.o
 .debug_macro   0x0000000000000000       0xe8 ./src/main.o
 COMMON         0x0000000000000000        0x1 ./src/main.o
 .group         0x0000000000000000        0xc ./src/syscalls.o
 .group         0x0000000000000000        0xc ./src/syscalls.o
 .group         0x0000000000000000        0xc ./src/syscalls.o
 .group         0x0000000000000000        0xc ./src/syscalls.o
 .group         0x0000000000000000        0xc ./src/syscalls.o
 .group         0x0000000000000000        0xc ./src/syscalls.o
 .group         0x0000000000000000        0xc ./src/syscalls.o
 .group         0x0000000000000000        0xc ./src/syscalls.o
 .group         0x0000000000000000        0xc ./src/syscalls.o
 .group         0x0000000000000000        0xc ./src/syscalls.o
 .group         0x0000000000000000        0xc ./src/syscalls.o
 .group         0x0000000000000000        0xc ./src/syscalls.o
 .group         0x0000000000000000        0xc ./src/syscalls.o
 .group         0x0000000000000000        0xc ./src/syscalls.o
 .group         0x0000000000000000        0xc ./src/syscalls.o
 .group         0x0000000000000000        0xc ./src/syscalls.o
 .group         0x0000000000000000        0xc ./src/syscalls.o
 .group         0x0000000000000000        0xc ./src/syscalls.o
 .group         0x0000000000000000        0xc ./src/syscalls.o
 .group         0x0000000000000000        0xc ./src/syscalls.o
 .group         0x0000000000000000        0xc ./src/syscalls.o
 .group         0x0000000000000000        0xc ./src/syscalls.o
 .group         0x0000000000000000        0xc ./src/syscalls.o
 .group         0x0000000000000000        0xc ./src/syscalls.o
 .group         0x0000000000000000        0xc ./src/syscalls.o
 .group         0x0000000000000000        0xc ./src/syscalls.o
 .group         0x0000000000000000        0xc ./src/syscalls.o
 .group         0x0000000000000000        0xc ./src/syscalls.o
 .group         0x0000000000000000        0xc ./src/syscalls.o
 .group         0x0000000000000000        0xc ./src/syscalls.o
 .group         0x0000000000000000        0xc ./src/syscalls.o
 .group         0x0000000000000000        0xc ./src/syscalls.o
 .group         0x0000000000000000        0xc ./src/syscalls.o
 .group         0x0000000000000000        0xc ./src/syscalls.o
 .group         0x0000000000000000        0xc ./src/syscalls.o
 .group         0x0000000000000000        0xc ./src/syscalls.o
 .group         0x0000000000000000        0xc ./src/syscalls.o
 .group         0x0000000000000000        0xc ./src/syscalls.o
 .group         0x0000000000000000        0xc ./src/syscalls.o
 .group         0x0000000000000000        0xc ./src/syscalls.o
 .group         0x0000000000000000        0xc ./src/syscalls.o
 .group         0x0000000000000000        0xc ./src/syscalls.o
 .group         0x0000000000000000        0xc ./src/syscalls.o
 .group         0x0000000000000000        0xc ./src/syscalls.o
 .group         0x0000000000000000        0xc ./src/syscalls.o
 .group         0x0000000000000000        0xc ./src/syscalls.o
 .group         0x0000000000000000        0xc ./src/syscalls.o
 .text          0x0000000000000000        0x0 ./src/syscalls.o
 .data          0x0000000000000000        0x4 ./src/syscalls.o
 .bss           0x0000000000000000        0x8 ./src/syscalls.o
 .text.initialise_monitor_handles
                0x0000000000000000        0xe ./src/syscalls.o
 .text._getpid  0x0000000000000000       0x10 ./src/syscalls.o
 .text._kill    0x0000000000000000       0x20 ./src/syscalls.o
 .text._exit    0x0000000000000000       0x14 ./src/syscalls.o
 .text._read    0x0000000000000000       0x3a ./src/syscalls.o
 .text._write   0x0000000000000000       0x38 ./src/syscalls.o
 .text._sbrk    0x0000000000000000       0x58 ./src/syscalls.o
 .text._close   0x0000000000000000       0x18 ./src/syscalls.o
 .text._fstat   0x0000000000000000       0x20 ./src/syscalls.o
 .text._isatty  0x0000000000000000       0x16 ./src/syscalls.o
 .text._lseek   0x0000000000000000       0x1a ./src/syscalls.o
 .text._open    0x0000000000000000       0x1c ./src/syscalls.o
 .text._wait    0x0000000000000000       0x1e ./src/syscalls.o
 .text._unlink  0x0000000000000000       0x1e ./src/syscalls.o
 .text._times   0x0000000000000000       0x18 ./src/syscalls.o
 .text._stat    0x0000000000000000       0x20 ./src/syscalls.o
 .text._link    0x0000000000000000       0x20 ./src/syscalls.o
 .text._fork    0x0000000000000000       0x16 ./src/syscalls.o
 .text._execve  0x0000000000000000       0x22 ./src/syscalls.o
 .debug_info    0x0000000000000000     0x101b ./src/syscalls.o
 .debug_abbrev  0x0000000000000000      0x2ac ./src/syscalls.o
 .debug_aranges
                0x0000000000000000       0xb0 ./src/syscalls.o
 .debug_ranges  0x0000000000000000       0xa0 ./src/syscalls.o
 .debug_macro   0x0000000000000000      0x24c ./src/syscalls.o
 .debug_macro   0x0000000000000000      0xab4 ./src/syscalls.o
 .debug_macro   0x0000000000000000       0x22 ./src/syscalls.o
 .debug_macro   0x0000000000000000       0x4c ./src/syscalls.o
 .debug_macro   0x0000000000000000       0x18 ./src/syscalls.o
 .debug_macro   0x0000000000000000       0x94 ./src/syscalls.o
 .debug_macro   0x0000000000000000       0x3c ./src/syscalls.o
 .debug_macro   0x0000000000000000       0x34 ./src/syscalls.o
 .debug_macro   0x0000000000000000       0x57 ./src/syscalls.o
 .debug_macro   0x0000000000000000      0x174 ./src/syscalls.o
 .debug_macro   0x0000000000000000      0x339 ./src/syscalls.o
 .debug_macro   0x0000000000000000       0x16 ./src/syscalls.o
 .debug_macro   0x0000000000000000       0x43 ./src/syscalls.o
 .debug_macro   0x0000000000000000       0x34 ./src/syscalls.o
 .debug_macro   0x0000000000000000       0x10 ./src/syscalls.o
 .debug_macro   0x0000000000000000       0x58 ./src/syscalls.o
 .debug_macro   0x0000000000000000       0x71 ./src/syscalls.o
 .debug_macro   0x0000000000000000       0x1c ./src/syscalls.o
 .debug_macro   0x0000000000000000      0x12a ./src/syscalls.o
 .debug_macro   0x0000000000000000       0x10 ./src/syscalls.o
 .debug_macro   0x0000000000000000       0x35 ./src/syscalls.o
 .debug_macro   0x0000000000000000       0x10 ./src/syscalls.o
 .debug_macro   0x0000000000000000       0x10 ./src/syscalls.o
 .debug_macro   0x0000000000000000       0x10 ./src/syscalls.o
 .debug_macro   0x0000000000000000       0x6a ./src/syscalls.o
 .debug_macro   0x0000000000000000       0x1c ./src/syscalls.o
 .debug_macro   0x0000000000000000       0x52 ./src/syscalls.o
 .debug_macro   0x0000000000000000       0x22 ./src/syscalls.o
 .debug_macro   0x0000000000000000       0x10 ./src/syscalls.o
 .debug_macro   0x0000000000000000       0x40 ./src/syscalls.o
 .debug_macro   0x0000000000000000       0xd5 ./src/syscalls.o
 .debug_macro   0x0000000000000000       0x1c ./src/syscalls.o
 .debug_macro   0x0000000000000000       0x3d ./src/syscalls.o
 .debug_macro   0x0000000000000000       0x35 ./src/syscalls.o
 .debug_macro   0x0000000000000000      0x12c ./src/syscalls.o
 .debug_macro   0x0000000000000000       0x16 ./src/syscalls.o
 .debug_macro   0x0000000000000000       0x16 ./src/syscalls.o
 .debug_macro   0x0000000000000000       0x29 ./src/syscalls.o
 .debug_macro   0x0000000000000000       0x10 ./src/syscalls.o
 .debug_macro   0x0000000000000000      0x241 ./src/syscalls.o
 .debug_macro   0x0000000000000000       0x1c ./src/syscalls.o
 .debug_macro   0x0000000000000000       0x10 ./src/syscalls.o
 .debug_macro   0x0000000000000000       0x10 ./src/syscalls.o
 .debug_macro   0x0000000000000000       0x16 ./src/syscalls.o
 .debug_macro   0x0000000000000000      0x145 ./src/syscalls.o
 .debug_macro   0x0000000000000000      0x189 ./src/syscalls.o
 .debug_macro   0x0000000000000000       0x16 ./src/syscalls.o
 .debug_macro   0x0000000000000000       0xce ./src/syscalls.o
 .debug_line    0x0000000000000000      0x83a ./src/syscalls.o
 .debug_str     0x0000000000000000     0x8eff ./src/syscalls.o
 .comment       0x0000000000000000       0x54 ./src/syscalls.o
 .debug_frame   0x0000000000000000      0x2d0 ./src/syscalls.o
 .ARM.attributes
                0x0000000000000000       0x34 ./src/syscalls.o
 .group         0x0000000000000000        0xc ./src/system_stm32f4xx.o
 .group         0x0000000000000000        0xc ./src/system_stm32f4xx.o
 .group         0x0000000000000000        0xc ./src/system_stm32f4xx.o
 .group         0x0000000000000000        0xc ./src/system_stm32f4xx.o
 .group         0x0000000000000000        0xc ./src/system_stm32f4xx.o
 .group         0x0000000000000000        0xc ./src/system_stm32f4xx.o
 .group         0x0000000000000000        0xc ./src/system_stm32f4xx.o
 .group         0x0000000000000000        0xc ./src/system_stm32f4xx.o
 .group         0x0000000000000000        0xc ./src/system_stm32f4xx.o
 .group         0x0000000000000000        0xc ./src/system_stm32f4xx.o
 .group         0x0000000000000000        0xc ./src/system_stm32f4xx.o
 .group         0x0000000000000000        0xc ./src/system_stm32f4xx.o
 .group         0x0000000000000000        0xc ./src/system_stm32f4xx.o
 .text          0x0000000000000000        0x0 ./src/system_stm32f4xx.o
 .data          0x0000000000000000       0x14 ./src/system_stm32f4xx.o
 .bss           0x0000000000000000        0x0 ./src/system_stm32f4xx.o
 .text.SystemCoreClockUpdate
                0x0000000000000000      0x104 ./src/system_stm32f4xx.o
 .debug_macro   0x0000000000000000      0xab4 ./src/system_stm32f4xx.o
 .debug_macro   0x0000000000000000       0x65 ./src/system_stm32f4xx.o
 .debug_macro   0x0000000000000000       0x3b ./src/system_stm32f4xx.o
 .debug_macro   0x0000000000000000       0x22 ./src/system_stm32f4xx.o
 .debug_macro   0x0000000000000000       0x8e ./src/system_stm32f4xx.o
 .debug_macro   0x0000000000000000       0x51 ./src/system_stm32f4xx.o
 .debug_macro   0x0000000000000000      0x103 ./src/system_stm32f4xx.o
 .debug_macro   0x0000000000000000       0x6a ./src/system_stm32f4xx.o
 .debug_macro   0x0000000000000000      0x1df ./src/system_stm32f4xx.o
 .debug_macro   0x0000000000000000       0x34 ./src/system_stm32f4xx.o
 .debug_macro   0x0000000000000000       0x26 ./src/system_stm32f4xx.o
 .debug_macro   0x0000000000000000      0xe43 ./src/system_stm32f4xx.o
 .debug_macro   0x0000000000000000     0x800a ./src/system_stm32f4xx.o
 .text          0x0000000000000000       0x14 ./startup/startup_stm32.o
 .data          0x0000000000000000        0x0 ./startup/startup_stm32.o
 .bss           0x0000000000000000        0x0 ./startup/startup_stm32.o
 .text          0x0000000000000000        0x0 c:/st/stm32cubeide_1.7.0/stm32cubeide/plugins/com.st.stm32cube.ide.mcu.externaltools.gnu-tools-for-stm32.9-2020-q2-update.win32_2.0.0.202105311346/tools/bin/../lib/gcc/arm-none-eabi/9.3.1/../../../../arm-none-eabi/lib/thumb/v7e-m+fp/hard\libc_nano.a(lib_a-errno.o)
 .data          0x0000000000000000        0x0 c:/st/stm32cubeide_1.7.0/stm32cubeide/plugins/com.st.stm32cube.ide.mcu.externaltools.gnu-tools-for-stm32.9-2020-q2-update.win32_2.0.0.202105311346/tools/bin/../lib/gcc/arm-none-eabi/9.3.1/../../../../arm-none-eabi/lib/thumb/v7e-m+fp/hard\libc_nano.a(lib_a-errno.o)
 .bss           0x0000000000000000        0x0 c:/st/stm32cubeide_1.7.0/stm32cubeide/plugins/com.st.stm32cube.ide.mcu.externaltools.gnu-tools-for-stm32.9-2020-q2-update.win32_2.0.0.202105311346/tools/bin/../lib/gcc/arm-none-eabi/9.3.1/../../../../arm-none-eabi/lib/thumb/v7e-m+fp/hard\libc_nano.a(lib_a-errno.o)
 .text.__errno  0x0000000000000000        0xc c:/st/stm32cubeide_1.7.0/stm32cubeide/plugins/com.st.stm32cube.ide.mcu.externaltools.gnu-tools-for-stm32.9-2020-q2-update.win32_2.0.0.202105311346/tools/bin/../lib/gcc/arm-none-eabi/9.3.1/../../../../arm-none-eabi/lib/thumb/v7e-m+fp/hard\libc_nano.a(lib_a-errno.o)
 .debug_frame   0x0000000000000000       0x20 c:/st/stm32cubeide_1.7.0/stm32cubeide/plugins/com.st.stm32cube.ide.mcu.externaltools.gnu-tools-for-stm32.9-2020-q2-update.win32_2.0.0.202105311346/tools/bin/../lib/gcc/arm-none-eabi/9.3.1/../../../../arm-none-eabi/lib/thumb/v7e-m+fp/hard\libc_nano.a(lib_a-errno.o)
 .ARM.attributes
                0x0000000000000000       0x34 c:/st/stm32cubeide_1.7.0/stm32cubeide/plugins/com.st.stm32cube.ide.mcu.externaltools.gnu-tools-for-stm32.9-2020-q2-update.win32_2.0.0.202105311346/tools/bin/../lib/gcc/arm-none-eabi/9.3.1/../../../../arm-none-eabi/lib/thumb/v7e-m+fp/hard\libc_nano.a(lib_a-errno.o)
 .text          0x0000000000000000        0x0 c:/st/stm32cubeide_1.7.0/stm32cubeide/plugins/com.st.stm32cube.ide.mcu.externaltools.gnu-tools-for-stm32.9-2020-q2-update.win32_2.0.0.202105311346/tools/bin/../lib/gcc/arm-none-eabi/9.3.1/../../../../arm-none-eabi/lib/thumb/v7e-m+fp/hard\libc_nano.a(lib_a-exit.o)
 .data          0x0000000000000000        0x0 c:/st/stm32cubeide_1.7.0/stm32cubeide/plugins/com.st.stm32cube.ide.mcu.externaltools.gnu-tools-for-stm32.9-2020-q2-update.win32_2.0.0.202105311346/tools/bin/../lib/gcc/arm-none-eabi/9.3.1/../../../../arm-none-eabi/lib/thumb/v7e-m+fp/hard\libc_nano.a(lib_a-exit.o)
 .bss           0x0000000000000000        0x0 c:/st/stm32cubeide_1.7.0/stm32cubeide/plugins/com.st.stm32cube.ide.mcu.externaltools.gnu-tools-for-stm32.9-2020-q2-update.win32_2.0.0.202105311346/tools/bin/../lib/gcc/arm-none-eabi/9.3.1/../../../../arm-none-eabi/lib/thumb/v7e-m+fp/hard\libc_nano.a(lib_a-exit.o)
 .text.exit     0x0000000000000000       0x28 c:/st/stm32cubeide_1.7.0/stm32cubeide/plugins/com.st.stm32cube.ide.mcu.externaltools.gnu-tools-for-stm32.9-2020-q2-update.win32_2.0.0.202105311346/tools/bin/../lib/gcc/arm-none-eabi/9.3.1/../../../../arm-none-eabi/lib/thumb/v7e-m+fp/hard\libc_nano.a(lib_a-exit.o)
 .debug_frame   0x0000000000000000       0x28 c:/st/stm32cubeide_1.7.0/stm32cubeide/plugins/com.st.stm32cube.ide.mcu.externaltools.gnu-tools-for-stm32.9-2020-q2-update.win32_2.0.0.202105311346/tools/bin/../lib/gcc/arm-none-eabi/9.3.1/../../../../arm-none-eabi/lib/thumb/v7e-m+fp/hard\libc_nano.a(lib_a-exit.o)
 .ARM.attributes
                0x0000000000000000       0x34 c:/st/stm32cubeide_1.7.0/stm32cubeide/plugins/com.st.stm32cube.ide.mcu.externaltools.gnu-tools-for-stm32.9-2020-q2-update.win32_2.0.0.202105311346/tools/bin/../lib/gcc/arm-none-eabi/9.3.1/../../../../arm-none-eabi/lib/thumb/v7e-m+fp/hard\libc_nano.a(lib_a-exit.o)
 .text          0x0000000000000000        0x0 c:/st/stm32cubeide_1.7.0/stm32cubeide/plugins/com.st.stm32cube.ide.mcu.externaltools.gnu-tools-for-stm32.9-2020-q2-update.win32_2.0.0.202105311346/tools/bin/../lib/gcc/arm-none-eabi/9.3.1/../../../../arm-none-eabi/lib/thumb/v7e-m+fp/hard\libc_nano.a(lib_a-impure.o)
 .data          0x0000000000000000        0x0 c:/st/stm32cubeide_1.7.0/stm32cubeide/plugins/com.st.stm32cube.ide.mcu.externaltools.gnu-tools-for-stm32.9-2020-q2-update.win32_2.0.0.202105311346/tools/bin/../lib/gcc/arm-none-eabi/9.3.1/../../../../arm-none-eabi/lib/thumb/v7e-m+fp/hard\libc_nano.a(lib_a-impure.o)
 .bss           0x0000000000000000        0x0 c:/st/stm32cubeide_1.7.0/stm32cubeide/plugins/com.st.stm32cube.ide.mcu.externaltools.gnu-tools-for-stm32.9-2020-q2-update.win32_2.0.0.202105311346/tools/bin/../lib/gcc/arm-none-eabi/9.3.1/../../../../arm-none-eabi/lib/thumb/v7e-m+fp/hard\libc_nano.a(lib_a-impure.o)
 .data._impure_ptr
                0x0000000000000000        0x4 c:/st/stm32cubeide_1.7.0/stm32cubeide/plugins/com.st.stm32cube.ide.mcu.externaltools.gnu-tools-for-stm32.9-2020-q2-update.win32_2.0.0.202105311346/tools/bin/../lib/gcc/arm-none-eabi/9.3.1/../../../../arm-none-eabi/lib/thumb/v7e-m+fp/hard\libc_nano.a(lib_a-impure.o)
 .data.impure_data
                0x0000000000000000       0x60 c:/st/stm32cubeide_1.7.0/stm32cubeide/plugins/com.st.stm32cube.ide.mcu.externaltools.gnu-tools-for-stm32.9-2020-q2-update.win32_2.0.0.202105311346/tools/bin/../lib/gcc/arm-none-eabi/9.3.1/../../../../arm-none-eabi/lib/thumb/v7e-m+fp/hard\libc_nano.a(lib_a-impure.o)
 .rodata._global_impure_ptr
                0x0000000000000000        0x4 c:/st/stm32cubeide_1.7.0/stm32cubeide/plugins/com.st.stm32cube.ide.mcu.externaltools.gnu-tools-for-stm32.9-2020-q2-update.win32_2.0.0.202105311346/tools/bin/../lib/gcc/arm-none-eabi/9.3.1/../../../../arm-none-eabi/lib/thumb/v7e-m+fp/hard\libc_nano.a(lib_a-impure.o)
 .ARM.attributes
                0x0000000000000000       0x32 c:/st/stm32cubeide_1.7.0/stm32cubeide/plugins/com.st.stm32cube.ide.mcu.externaltools.gnu-tools-for-stm32.9-2020-q2-update.win32_2.0.0.202105311346/tools/bin/../lib/gcc/arm-none-eabi/9.3.1/../../../../arm-none-eabi/lib/thumb/v7e-m+fp/hard\libc_nano.a(lib_a-impure.o)
 .text          0x0000000000000000        0x0 c:/st/stm32cubeide_1.7.0/stm32cubeide/plugins/com.st.stm32cube.ide.mcu.externaltools.gnu-tools-for-stm32.9-2020-q2-update.win32_2.0.0.202105311346/tools/bin/../lib/gcc/arm-none-eabi/9.3.1/../../../../arm-none-eabi/lib/thumb/v7e-m+fp/hard\libc_nano.a(lib_a-init.o)
 .data          0x0000000000000000        0x0 c:/st/stm32cubeide_1.7.0/stm32cubeide/plugins/com.st.stm32cube.ide.mcu.externaltools.gnu-tools-for-stm32.9-2020-q2-update.win32_2.0.0.202105311346/tools/bin/../lib/gcc/arm-none-eabi/9.3.1/../../../../arm-none-eabi/lib/thumb/v7e-m+fp/hard\libc_nano.a(lib_a-init.o)
 .bss           0x0000000000000000        0x0 c:/st/stm32cubeide_1.7.0/stm32cubeide/plugins/com.st.stm32cube.ide.mcu.externaltools.gnu-tools-for-stm32.9-2020-q2-update.win32_2.0.0.202105311346/tools/bin/../lib/gcc/arm-none-eabi/9.3.1/../../../../arm-none-eabi/lib/thumb/v7e-m+fp/hard\libc_nano.a(lib_a-init.o)
 .text          0x0000000000000000        0x0 c:/st/stm32cubeide_1.7.0/stm32cubeide/plugins/com.st.stm32cube.ide.mcu.externaltools.gnu-tools-for-stm32.9-2020-q2-update.win32_2.0.0.202105311346/tools/bin/../lib/gcc/arm-none-eabi/9.3.1/../../../../arm-none-eabi/lib/thumb/v7e-m+fp/hard\libc_nano.a(lib_a-memset.o)
 .data          0x0000000000000000        0x0 c:/st/stm32cubeide_1.7.0/stm32cubeide/plugins/com.st.stm32cube.ide.mcu.externaltools.gnu-tools-for-stm32.9-2020-q2-update.win32_2.0.0.202105311346/tools/bin/../lib/gcc/arm-none-eabi/9.3.1/../../../../arm-none-eabi/lib/thumb/v7e-m+fp/hard\libc_nano.a(lib_a-memset.o)
 .bss           0x0000000000000000        0x0 c:/st/stm32cubeide_1.7.0/stm32cubeide/plugins/com.st.stm32cube.ide.mcu.externaltools.gnu-tools-for-stm32.9-2020-q2-update.win32_2.0.0.202105311346/tools/bin/../lib/gcc/arm-none-eabi/9.3.1/../../../../arm-none-eabi/lib/thumb/v7e-m+fp/hard\libc_nano.a(lib_a-memset.o)
 .text.memset   0x0000000000000000       0x10 c:/st/stm32cubeide_1.7.0/stm32cubeide/plugins/com.st.stm32cube.ide.mcu.externaltools.gnu-tools-for-stm32.9-2020-q2-update.win32_2.0.0.202105311346/tools/bin/../lib/gcc/arm-none-eabi/9.3.1/../../../../arm-none-eabi/lib/thumb/v7e-m+fp/hard\libc_nano.a(lib_a-memset.o)
 .debug_frame   0x0000000000000000       0x20 c:/st/stm32cubeide_1.7.0/stm32cubeide/plugins/com.st.stm32cube.ide.mcu.externaltools.gnu-tools-for-stm32.9-2020-q2-update.win32_2.0.0.202105311346/tools/bin/../lib/gcc/arm-none-eabi/9.3.1/../../../../arm-none-eabi/lib/thumb/v7e-m+fp/hard\libc_nano.a(lib_a-memset.o)
 .ARM.attributes
                0x0000000000000000       0x34 c:/st/stm32cubeide_1.7.0/stm32cubeide/plugins/com.st.stm32cube.ide.mcu.externaltools.gnu-tools-for-stm32.9-2020-q2-update.win32_2.0.0.202105311346/tools/bin/../lib/gcc/arm-none-eabi/9.3.1/../../../../arm-none-eabi/lib/thumb/v7e-m+fp/hard\libc_nano.a(lib_a-memset.o)
 .text          0x0000000000000000        0x0 c:/st/stm32cubeide_1.7.0/stm32cubeide/plugins/com.st.stm32cube.ide.mcu.externaltools.gnu-tools-for-stm32.9-2020-q2-update.win32_2.0.0.202105311346/tools/bin/../lib/gcc/arm-none-eabi/9.3.1/thumb/v7e-m+fp/hard/crtend.o
 .data          0x0000000000000000        0x0 c:/st/stm32cubeide_1.7.0/stm32cubeide/plugins/com.st.stm32cube.ide.mcu.externaltools.gnu-tools-for-stm32.9-2020-q2-update.win32_2.0.0.202105311346/tools/bin/../lib/gcc/arm-none-eabi/9.3.1/thumb/v7e-m+fp/hard/crtend.o
 .bss           0x0000000000000000        0x0 c:/st/stm32cubeide_1.7.0/stm32cubeide/plugins/com.st.stm32cube.ide.mcu.externaltools.gnu-tools-for-stm32.9-2020-q2-update.win32_2.0.0.202105311346/tools/bin/../lib/gcc/arm-none-eabi/9.3.1/thumb/v7e-m+fp/hard/crtend.o
 .eh_frame      0x0000000000000000        0x4 c:/st/stm32cubeide_1.7.0/stm32cubeide/plugins/com.st.stm32cube.ide.mcu.externaltools.gnu-tools-for-stm32.9-2020-q2-update.win32_2.0.0.202105311346/tools/bin/../lib/gcc/arm-none-eabi/9.3.1/thumb/v7e-m+fp/hard/crtend.o
 .ARM.attributes
                0x0000000000000000       0x32 c:/st/stm32cubeide_1.7.0/stm32cubeide/plugins/com.st.stm32cube.ide.mcu.externaltools.gnu-tools-for-stm32.9-2020-q2-update.win32_2.0.0.202105311346/tools/bin/../lib/gcc/arm-none-eabi/9.3.1/thumb/v7e-m+fp/hard/crtend.o
 .text          0x0000000000000000        0x0 c:/st/stm32cubeide_1.7.0/stm32cubeide/plugins/com.st.stm32cube.ide.mcu.externaltools.gnu-tools-for-stm32.9-2020-q2-update.win32_2.0.0.202105311346/tools/bin/../lib/gcc/arm-none-eabi/9.3.1/thumb/v7e-m+fp/hard/crtn.o
 .data          0x0000000000000000        0x0 c:/st/stm32cubeide_1.7.0/stm32cubeide/plugins/com.st.stm32cube.ide.mcu.externaltools.gnu-tools-for-stm32.9-2020-q2-update.win32_2.0.0.202105311346/tools/bin/../lib/gcc/arm-none-eabi/9.3.1/thumb/v7e-m+fp/hard/crtn.o
 .bss           0x0000000000000000        0x0 c:/st/stm32cubeide_1.7.0/stm32cubeide/plugins/com.st.stm32cube.ide.mcu.externaltools.gnu-tools-for-stm32.9-2020-q2-update.win32_2.0.0.202105311346/tools/bin/../lib/gcc/arm-none-eabi/9.3.1/thumb/v7e-m+fp/hard/crtn.o

Memory Configuration

Name             Origin             Length             Attributes
RAM              0x0000000020000000 0x0000000000010000 xrw
ROM              0x0000000008000000 0x0000000000040000 xr
*default*        0x0000000000000000 0xffffffffffffffff

Linker script and memory map

LOAD c:/st/stm32cubeide_1.7.0/stm32cubeide/plugins/com.st.stm32cube.ide.mcu.externaltools.gnu-tools-for-stm32.9-2020-q2-update.win32_2.0.0.202105311346/tools/bin/../lib/gcc/arm-none-eabi/9.3.1/thumb/v7e-m+fp/hard/crti.o
LOAD c:/st/stm32cubeide_1.7.0/stm32cubeide/plugins/com.st.stm32cube.ide.mcu.externaltools.gnu-tools-for-stm32.9-2020-q2-update.win32_2.0.0.202105311346/tools/bin/../lib/gcc/arm-none-eabi/9.3.1/thumb/v7e-m+fp/hard/crtbegin.o
LOAD c:/st/stm32cubeide_1.7.0/stm32cubeide/plugins/com.st.stm32cube.ide.mcu.externaltools.gnu-tools-for-stm32.9-2020-q2-update.win32_2.0.0.202105311346/tools/bin/../lib/gcc/arm-none-eabi/9.3.1/../../../../arm-none-eabi/lib/thumb/v7e-m+fp/hard/crt0.o
LOAD ./Drivers/src/GPIO.o
LOAD ./Drivers/src/PollDataClient.o
LOAD ./Drivers/src/PollerTimer.o
LOAD ./Drivers/src/device.o
LOAD ./Drivers/src/poller.o
LOAD ./src/main.o
LOAD ./src/syscalls.o
LOAD ./src/system_stm32f4xx.o
LOAD ./startup/startup_stm32.o
START GROUP
LOAD c:/st/stm32cubeide_1.7.0/stm32cubeide/plugins/com.st.stm32cube.ide.mcu.externaltools.gnu-tools-for-stm32.9-2020-q2-update.win32_2.0.0.202105311346/tools/bin/../lib/gcc/arm-none-eabi/9.3.1/../../../../arm-none-eabi/lib/thumb/v7e-m+fp/hard\libc_nano.a
LOAD c:/st/stm32cubeide_1.7.0/stm32cubeide/plugins/com.st.stm32cube.ide.mcu.externaltools.gnu-tools-for-stm32.9-2020-q2-update.win32_2.0.0.202105311346/tools/bin/../lib/gcc/arm-none-eabi/9.3.1/../../../../arm-none-eabi/lib/thumb/v7e-m+fp/hard\libm.a
END GROUP
START GROUP
LOAD c:/st/stm32cubeide_1.7.0/stm32cubeide/plugins/com.st.stm32cube.ide.mcu.externaltools.gnu-tools-for-stm32.9-2020-q2-update.win32_2.0.0.202105311346/tools/bin/../lib/gcc/arm-none-eabi/9.3.1/thumb/v7e-m+fp/hard\libgcc.a
LOAD c:/st/stm32cubeide_1.7.0/stm32cubeide/plugins/com.st.stm32cube.ide.mcu.externaltools.gnu-tools-for-stm32.9-2020-q2-update.win32_2.0.0.202105311346/tools/bin/../lib/gcc/arm-none-eabi/9.3.1/../../../../arm-none-eabi/lib/thumb/v7e-m+fp/hard\libc_nano.a
END GROUP
START GROUP
LOAD c:/st/stm32cubeide_1.7.0/stm32cubeide/plugins/com.st.stm32cube.ide.mcu.externaltools.gnu-tools-for-stm32.9-2020-q2-update.win32_2.0.0.202105311346/tools/bin/../lib/gcc/arm-none-eabi/9.3.1/thumb/v7e-m+fp/hard\libgcc.a
LOAD c:/st/stm32cubeide_1.7.0/stm32cubeide/plugins/com.st.stm32cube.ide.mcu.externaltools.gnu-tools-for-stm32.9-2020-q2-update.win32_2.0.0.202105311346/tools/bin/../lib/gcc/arm-none-eabi/9.3.1/../../../../arm-none-eabi/lib/thumb/v7e-m+fp/hard\libc_nano.a
LOAD c:/st/stm32cubeide_1.7.0/stm32cubeide/plugins/com.st.stm32cube.ide.mcu.externaltools.gnu-tools-for-stm32.9-2020-q2-update.win32_2.0.0.202105311346/tools/bin/../lib/gcc/arm-none-eabi/9.3.1/../../../../arm-none-eabi/lib/thumb/v7e-m+fp/hard\libnosys.a
END GROUP
START GROUP
LOAD c:/st/stm32cubeide_1.7.0/stm32cubeide/plugins/com.st.stm32cube.ide.mcu.externaltools.gnu-tools-for-stm32.9-2020-q2-update.win32_2.0.0.202105311346/tools/bin/../lib/gcc/arm-none-eabi/9.3.1/thumb/v7e-m+fp/hard\libgcc.a
LOAD c:/st/stm32cubeide_1.7.0/stm32cubeide/plugins/com.st.stm32cube.ide.mcu.externaltools.gnu-tools-for-stm32.9-2020-q2-update.win32_2.0.0.202105311346/tools/bin/../lib/gcc/arm-none-eabi/9.3.1/../../../../arm-none-eabi/lib/thumb/v7e-m+fp/hard\libc_nano.a
LOAD c:/st/stm32cubeide_1.7.0/stm32cubeide/plugins/com.st.stm32cube.ide.mcu.externaltools.gnu-tools-for-stm32.9-2020-q2-update.win32_2.0.0.202105311346/tools/bin/../lib/gcc/arm-none-eabi/9.3.1/../../../../arm-none-eabi/lib/thumb/v7e-m+fp/hard\libnosys.a
END GROUP
LOAD c:/st/stm32cubeide_1.7.0/stm32cubeide/plugins/com.st.stm32cube.ide.mcu.externaltools.gnu-tools-for-stm32.9-2020-q2-update.win32_2.0.0.202105311346/tools/bin/../lib/gcc/arm-none-eabi/9.3.1/thumb/v7e-m+fp/hard/crtend.o
LOAD c:/st/stm32cubeide_1.7.0/stm32cubeide/plugins/com.st.stm32cube.ide.mcu.externaltools.gnu-tools-for-stm32.9-2020-q2-update.win32_2.0.0.202105311346/tools/bin/../lib/gcc/arm-none-eabi/9.3.1/thumb/v7e-m+fp/hard/crtn.o
                0x0000000020010000                _estack = 0x20010000
                0x0000000000000000                _Min_Heap_Size = 0x0
                0x0000000000000400                _Min_Stack_Size = 0x400

.isr_vector     0x0000000008000000      0x194
                0x0000000008000000                . = ALIGN (0x4)
 *(.isr_vector)
 .isr_vector    0x0000000008000000      0x194 ./startup/startup_stm32.o
                0x0000000008000000                g_pfnVectors
                0x0000000008000194                . = ALIGN (0x4)

.text           0x0000000008000194      0x7c4
                0x0000000008000194                . = ALIGN (0x4)
 *(.text)
 .text          0x0000000008000194       0x40 c:/st/stm32cubeide_1.7.0/stm32cubeide/plugins/com.st.stm32cube.ide.mcu.externaltools.gnu-tools-for-stm32.9-2020-q2-update.win32_2.0.0.202105311346/tools/bin/../lib/gcc/arm-none-eabi/9.3.1/thumb/v7e-m+fp/hard/crtbegin.o
 *(.text*)
 .text.GPIO_EnableClock
                0x00000000080001d4       0x30 ./Drivers/src/GPIO.o
                0x00000000080001d4                GPIO_EnableClock
 .text.GPIO_Init
                0x0000000008000204      0x180 ./Drivers/src/GPIO.o
                0x0000000008000204                GPIO_Init
 .text.GPIO_WritePin
                0x0000000008000384       0xcc ./Drivers/src/GPIO.o
                0x0000000008000384                GPIO_WritePin
 .text.GPIO_ReadPin
                0x0000000008000450       0x4c ./Drivers/src/GPIO.o
                0x0000000008000450                GPIO_ReadPin
 .text.init_Client
                0x000000000800049c       0x14 ./Drivers/src/PollDataClient.o
                0x000000000800049c                init_Client
 .text.update   0x00000000080004b0       0x1a ./Drivers/src/PollDataClient.o
                0x00000000080004b0                update
 .text.Handle_data
                0x00000000080004ca       0x2e ./Drivers/src/PollDataClient.o
                0x00000000080004ca                Handle_data
 .text.NVIC_EnableIRQ
                0x00000000080004f8       0x34 ./Drivers/src/PollerTimer.o
 .text.StartTimer
                0x000000000800052c       0x4c ./Drivers/src/PollerTimer.o
                0x000000000800052c                StartTimer
 .text.EnableInterrupt
                0x0000000008000578       0x22 ./Drivers/src/PollerTimer.o
                0x0000000008000578                EnableInterrupt
 .text.CallPollingFunction
                0x000000000800059a       0x10 ./Drivers/src/PollerTimer.o
                0x000000000800059a                CallPollingFunction
 *fill*         0x00000000080005aa        0x2 
 .text.Get_Data
                0x00000000080005ac       0x20 ./Drivers/src/device.o
                0x00000000080005ac                Get_Data
 .text.subscribe
                0x00000000080005cc       0x44 ./Drivers/src/device.o
                0x00000000080005cc                subscribe
 .text.notify   0x0000000008000610       0x3c ./Drivers/src/device.o
                0x0000000008000610                notify
 .text.Poll_getter
                0x000000000800064c        0xc ./Drivers/src/poller.o
                0x000000000800064c                Poll_getter
 .text.Poll_setter
                0x0000000008000658       0x48 ./Drivers/src/poller.o
                0x0000000008000658                Poll_setter
 .text.StartPolling
                0x00000000080006a0       0x18 ./Drivers/src/poller.o
                0x00000000080006a0                StartPolling
 .text.SetPollingTime
                0x00000000080006b8       0x30 ./Drivers/src/poller.o
                0x00000000080006b8                SetPollingTime
 .text.main     0x00000000080006e8       0x3c ./src/main.o
                0x00000000080006e8                main
 .text.TIM2_IRQHandler
                0x0000000008000724       0x20 ./src/main.o
                0x0000000008000724                TIM2_IRQHandler
 .text.SystemInit
                0x0000000008000744       0x6c ./src/system_stm32f4xx.o
                0x0000000008000744                SystemInit
 .text.SetSysClock
                0x00000000080007b0       0xf4 ./src/system_stm32f4xx.o
 .text.Reset_Handler
                0x00000000080008a4       0x50 ./startup/startup_stm32.o
                0x00000000080008a4                Reset_Handler
 .text.Default_Handler
                0x00000000080008f4        0x2 ./startup/startup_stm32.o
                0x00000000080008f4                RTC_Alarm_IRQHandler
                0x00000000080008f4                EXTI2_IRQHandler
                0x00000000080008f4                DebugMon_Handler
                0x00000000080008f4                SPI4_IRQHandler
                0x00000000080008f4                TIM1_CC_IRQHandler
                0x00000000080008f4                HardFault_Handler
                0x00000000080008f4                SysTick_Handler
                0x00000000080008f4                PVD_IRQHandler
                0x00000000080008f4                SDIO_IRQHandler
                0x00000000080008f4                TAMP_STAMP_IRQHandler
                0x00000000080008f4                PendSV_Handler
                0x00000000080008f4                NMI_Handler
                0x00000000080008f4                EXTI3_IRQHandler
                0x00000000080008f4                TIM1_UP_TIM10_IRQHandler
                0x00000000080008f4                I2C3_ER_IRQHandler
                0x00000000080008f4                EXTI0_IRQHandler
                0x00000000080008f4                I2C2_EV_IRQHandler
                0x00000000080008f4                FPU_IRQHandler
                0x00000000080008f4                UsageFault_Handler
                0x00000000080008f4                SPI1_IRQHandler
                0x00000000080008f4                TIM1_BRK_TIM9_IRQHandler
                0x00000000080008f4                I2C1_EV_IRQHandler
                0x00000000080008f4                TIM3_IRQHandler
                0x00000000080008f4                RCC_IRQHandler
                0x00000000080008f4                Default_Handler
                0x00000000080008f4                EXTI15_10_IRQHandler
                0x00000000080008f4                ADC_IRQHandler
                0x00000000080008f4                I2C3_EV_IRQHandler
                0x00000000080008f4                EXTI9_5_IRQHandler
                0x00000000080008f4                RTC_WKUP_IRQHandler
                0x00000000080008f4                SPI2_IRQHandler
                0x00000000080008f4                MemManage_Handler
                0x00000000080008f4                SVC_Handler
                0x00000000080008f4                EXTI4_IRQHandler
                0x00000000080008f4                OTG_FS_WKUP_IRQHandler
                0x00000000080008f4                TIM1_TRG_COM_TIM11_IRQHandler
                0x00000000080008f4                EXTI1_IRQHandler
                0x00000000080008f4                I2C2_ER_IRQHandler
                0x00000000080008f4                FLASH_IRQHandler
                0x00000000080008f4                BusFault_Handler
                0x00000000080008f4                OTG_FS_IRQHandler
                0x00000000080008f4                SPI3_IRQHandler
                0x00000000080008f4                I2C1_ER_IRQHandler
 *fill*         0x00000000080008f6        0x2 
 .text.__libc_init_array
                0x00000000080008f8       0x48 c:/st/stm32cubeide_1.7.0/stm32cubeide/plugins/com.st.stm32cube.ide.mcu.externaltools.gnu-tools-for-stm32.9-2020-q2-update.win32_2.0.0.202105311346/tools/bin/../lib/gcc/arm-none-eabi/9.3.1/../../../../arm-none-eabi/lib/thumb/v7e-m+fp/hard\libc_nano.a(lib_a-init.o)
                0x00000000080008f8                __libc_init_array
 *(.glue_7)
 .glue_7        0x0000000008000940        0x0 linker stubs
 *(.glue_7t)
 .glue_7t       0x0000000008000940        0x0 linker stubs
 *(.eh_frame)
 .eh_frame      0x0000000008000940        0x0 c:/st/stm32cubeide_1.7.0/stm32cubeide/plugins/com.st.stm32cube.ide.mcu.externaltools.gnu-tools-for-stm32.9-2020-q2-update.win32_2.0.0.202105311346/tools/bin/../lib/gcc/arm-none-eabi/9.3.1/thumb/v7e-m+fp/hard/crtbegin.o
 *(.init)
 .init          0x0000000008000940        0x4 c:/st/stm32cubeide_1.7.0/stm32cubeide/plugins/com.st.stm32cube.ide.mcu.externaltools.gnu-tools-for-stm32.9-2020-q2-update.win32_2.0.0.202105311346/tools/bin/../lib/gcc/arm-none-eabi/9.3.1/thumb/v7e-m+fp/hard/crti.o
                0x0000000008000940                _init
 .init          0x0000000008000944        0x8 c:/st/stm32cubeide_1.7.0/stm32cubeide/plugins/com.st.stm32cube.ide.mcu.externaltools.gnu-tools-for-stm32.9-2020-q2-update.win32_2.0.0.202105311346/tools/bin/../lib/gcc/arm-none-eabi/9.3.1/thumb/v7e-m+fp/hard/crtn.o
 *(.fini)
 .fini          0x000000000800094c        0x4 c:/st/stm32cubeide_1.7.0/stm32cubeide/plugins/com.st.stm32cube.ide.mcu.externaltools.gnu-tools-for-stm32.9-2020-q2-update.win32_2.0.0.202105311346/tools/bin/../lib/gcc/arm-none-eabi/9.3.1/thumb/v7e-m+fp/hard/crti.o
                0x000000000800094c                _fini
 .fini          0x0000000008000950        0x8 c:/st/stm32cubeide_1.7.0/stm32cubeide/plugins/com.st.stm32cube.ide.mcu.externaltools.gnu-tools-for-stm32.9-2020-q2-update.win32_2.0.0.202105311346/tools/bin/../lib/gcc/arm-none-eabi/9.3.1/thumb/v7e-m+fp/hard/crtn.o
                0x0000000008000958                . = ALIGN (0x4)
                0x0000000008000958                _etext = .

.vfp11_veneer   0x0000000008000958        0x0
 .vfp11_veneer  0x0000000008000958        0x0 linker stubs

.v4_bx          0x0000000008000958        0x0
 .v4_bx         0x0000000008000958        0x0 linker stubs

.iplt           0x0000000008000958        0x0
 .iplt          0x0000000008000958        0x0 c:/st/stm32cubeide_1.7.0/stm32cubeide/plugins/com.st.stm32cube.ide.mcu.externaltools.gnu-tools-for-stm32.9-2020-q2-update.win32_2.0.0.202105311346/tools/bin/../lib/gcc/arm-none-eabi/9.3.1/thumb/v7e-m+fp/hard/crtbegin.o

.rel.dyn        0x0000000008000958        0x0
 .rel.iplt      0x0000000008000958        0x0 c:/st/stm32cubeide_1.7.0/stm32cubeide/plugins/com.st.stm32cube.ide.mcu.externaltools.gnu-tools-for-stm32.9-2020-q2-update.win32_2.0.0.202105311346/tools/bin/../lib/gcc/arm-none-eabi/9.3.1/thumb/v7e-m+fp/hard/crtbegin.o

.rodata         0x0000000008000958        0x0
                0x0000000008000958                . = ALIGN (0x4)
 *(.rodata)
 *(.rodata*)
                0x0000000008000958                . = ALIGN (0x4)

.ARM.extab      0x0000000008000958        0x0
                0x0000000008000958                . = ALIGN (0x4)
 *(.ARM.extab* .gnu.linkonce.armextab.*)
                0x0000000008000958                . = ALIGN (0x4)

.ARM            0x0000000008000958        0x0
                0x0000000008000958                . = ALIGN (0x4)
                0x0000000008000958                __exidx_start = .
 *(.ARM.exidx*)
                0x0000000008000958                __exidx_end = .
                0x0000000008000958                . = ALIGN (0x4)

.preinit_array  0x0000000008000958        0x0
                0x0000000008000958                . = ALIGN (0x4)
                0x0000000008000958                PROVIDE (__preinit_array_start = .)
 *(.preinit_array*)
                0x0000000008000958                PROVIDE (__preinit_array_end = .)
                0x0000000008000958                . = ALIGN (0x4)

.init_array     0x0000000008000958        0x4
                0x0000000008000958                . = ALIGN (0x4)
                0x0000000008000958                PROVIDE (__init_array_start = .)
 *(SORT_BY_NAME(.init_array.*))
 *(.init_array*)
 .init_array    0x0000000008000958        0x4 c:/st/stm32cubeide_1.7.0/stm32cubeide/plugins/com.st.stm32cube.ide.mcu.externaltools.gnu-tools-for-stm32.9-2020-q2-update.win32_2.0.0.202105311346/tools/bin/../lib/gcc/arm-none-eabi/9.3.1/thumb/v7e-m+fp/hard/crtbegin.o
                0x000000000800095c                PROVIDE (__init_array_end = .)
                0x000000000800095c                . = ALIGN (0x4)

.fini_array     0x000000000800095c        0x4
                0x000000000800095c                . = ALIGN (0x4)
                [!provide]                        PROVIDE (__fini_array_start = .)
 *(SORT_BY_NAME(.fini_array.*))
 *(.fini_array*)
 .fini_array    0x000000000800095c        0x4 c:/st/stm32cubeide_1.7.0/stm32cubeide/plugins/com.st.stm32cube.ide.mcu.externaltools.gnu-tools-for-stm32.9-2020-q2-update.win32_2.0.0.202105311346/tools/bin/../lib/gcc/arm-none-eabi/9.3.1/thumb/v7e-m+fp/hard/crtbegin.o
                [!provide]                        PROVIDE (__fini_array_end = .)
                0x0000000008000960                . = ALIGN (0x4)
                0x0000000008000960                _sidata = LOADADDR (.data)

.data           0x0000000020000000       0x58 load address 0x0000000008000960
                0x0000000020000000                . = ALIGN (0x4)
                0x0000000020000000                _sdata = .
 *(.data)
 .data          0x0000000020000000       0x50 ./Drivers/src/GPIO.o
                0x0000000020000000                lookuptable
 .data          0x0000000020000050        0x8 ./Drivers/src/poller.o
                0x0000000020000050                polling_enabled
                0x0000000020000054                polling_counter
 *(.data*)
                0x0000000020000058                . = ALIGN (0x4)
                0x0000000020000058                _edata = .

.igot.plt       0x0000000020000058        0x0 load address 0x00000000080009b8
 .igot.plt      0x0000000020000058        0x0 c:/st/stm32cubeide_1.7.0/stm32cubeide/plugins/com.st.stm32cube.ide.mcu.externaltools.gnu-tools-for-stm32.9-2020-q2-update.win32_2.0.0.202105311346/tools/bin/../lib/gcc/arm-none-eabi/9.3.1/thumb/v7e-m+fp/hard/crtbegin.o
                0x0000000020000058                . = ALIGN (0x4)

.bss            0x0000000020000058       0x28 load address 0x00000000080009b8
                0x0000000020000058                _sbss = .
                0x0000000020000058                __bss_start__ = _sbss
 *(.bss)
 .bss           0x0000000020000058       0x1c c:/st/stm32cubeide_1.7.0/stm32cubeide/plugins/com.st.stm32cube.ide.mcu.externaltools.gnu-tools-for-stm32.9-2020-q2-update.win32_2.0.0.202105311346/tools/bin/../lib/gcc/arm-none-eabi/9.3.1/thumb/v7e-m+fp/hard/crtbegin.o
 .bss           0x0000000020000074        0x4 ./Drivers/src/poller.o
                0x0000000020000074                counter
 *(.bss*)
 *(COMMON)
 COMMON         0x0000000020000078        0x5 ./Drivers/src/device.o
                0x0000000020000078                functionsptr
                0x000000002000007c                data
                0x0000000020000080                . = ALIGN (0x4)
 *fill*         0x000000002000007d        0x3 
                0x0000000020000080                _ebss = .
                0x0000000020000080                __bss_end__ = _ebss

._user_heap_stack
                0x0000000020000080      0x400 load address 0x00000000080009b8
                0x0000000020000080                . = ALIGN (0x8)
                0x0000000020000080                PROVIDE (end = .)
                [!provide]                        PROVIDE (_end = .)
                0x0000000020000080                . = (. + _Min_Heap_Size)
                0x0000000020000480                . = (. + _Min_Stack_Size)
 *fill*         0x0000000020000080      0x400 
                0x0000000020000480                . = ALIGN (0x8)

/DISCARD/
 libc.a(*)
 libm.a(*)
 libgcc.a(*)

.ARM.attributes
                0x0000000000000000       0x30
 *(.ARM.attributes)
 .ARM.attributes
                0x0000000000000000       0x1e c:/st/stm32cubeide_1.7.0/stm32cubeide/plugins/com.st.stm32cube.ide.mcu.externaltools.gnu-tools-for-stm32.9-2020-q2-update.win32_2.0.0.202105311346/tools/bin/../lib/gcc/arm-none-eabi/9.3.1/thumb/v7e-m+fp/hard/crti.o
 .ARM.attributes
                0x000000000000001e       0x34 c:/st/stm32cubeide_1.7.0/stm32cubeide/plugins/com.st.stm32cube.ide.mcu.externaltools.gnu-tools-for-stm32.9-2020-q2-update.win32_2.0.0.202105311346/tools/bin/../lib/gcc/arm-none-eabi/9.3.1/thumb/v7e-m+fp/hard/crtbegin.o
 .ARM.attributes
                0x0000000000000052       0x34 ./Drivers/src/GPIO.o
 .ARM.attributes
                0x0000000000000086       0x34 ./Drivers/src/PollDataClient.o
 .ARM.attributes
                0x00000000000000ba       0x34 ./Drivers/src/PollerTimer.o
 .ARM.attributes
                0x00000000000000ee       0x34 ./Drivers/src/device.o
 .ARM.attributes
                0x0000000000000122       0x34 ./Drivers/src/poller.o
 .ARM.attributes
                0x0000000000000156       0x34 ./src/main.o
 .ARM.attributes
                0x000000000000018a       0x34 ./src/system_stm32f4xx.o
 .ARM.attributes
                0x00000000000001be       0x21 ./startup/startup_stm32.o
 .ARM.attributes
                0x00000000000001df       0x34 c:/st/stm32cubeide_1.7.0/stm32cubeide/plugins/com.st.stm32cube.ide.mcu.externaltools.gnu-tools-for-stm32.9-2020-q2-update.win32_2.0.0.202105311346/tools/bin/../lib/gcc/arm-none-eabi/9.3.1/../../../../arm-none-eabi/lib/thumb/v7e-m+fp/hard\libc_nano.a(lib_a-init.o)
 .ARM.attributes
                0x0000000000000213       0x1e c:/st/stm32cubeide_1.7.0/stm32cubeide/plugins/com.st.stm32cube.ide.mcu.externaltools.gnu-tools-for-stm32.9-2020-q2-update.win32_2.0.0.202105311346/tools/bin/../lib/gcc/arm-none-eabi/9.3.1/thumb/v7e-m+fp/hard/crtn.o
OUTPUT(43_polling.elf elf32-littlearm)
LOAD linker stubs
LOAD c:/st/stm32cubeide_1.7.0/stm32cubeide/plugins/com.st.stm32cube.ide.mcu.externaltools.gnu-tools-for-stm32.9-2020-q2-update.win32_2.0.0.202105311346/tools/bin/../lib/gcc/arm-none-eabi/9.3.1/../../../../arm-none-eabi/lib/thumb/v7e-m+fp/hard\libc.a
LOAD c:/st/stm32cubeide_1.7.0/stm32cubeide/plugins/com.st.stm32cube.ide.mcu.externaltools.gnu-tools-for-stm32.9-2020-q2-update.win32_2.0.0.202105311346/tools/bin/../lib/gcc/arm-none-eabi/9.3.1/../../../../arm-none-eabi/lib/thumb/v7e-m+fp/hard\libm.a
LOAD c:/st/stm32cubeide_1.7.0/stm32cubeide/plugins/com.st.stm32cube.ide.mcu.externaltools.gnu-tools-for-stm32.9-2020-q2-update.win32_2.0.0.202105311346/tools/bin/../lib/gcc/arm-none-eabi/9.3.1/thumb/v7e-m+fp/hard\libgcc.a

.debug_info     0x0000000000000000     0x1767
 .debug_info    0x0000000000000000      0x17a ./Drivers/src/GPIO.o
 .debug_info    0x000000000000017a      0x12e ./Drivers/src/PollDataClient.o
 .debug_info    0x00000000000002a8      0x886 ./Drivers/src/PollerTimer.o
 .debug_info    0x0000000000000b2e      0x1ae ./Drivers/src/device.o
 .debug_info    0x0000000000000cdc       0xd5 ./Drivers/src/poller.o
 .debug_info    0x0000000000000db1      0x328 ./src/main.o
 .debug_info    0x00000000000010d9      0x66c ./src/system_stm32f4xx.o
 .debug_info    0x0000000000001745       0x22 ./startup/startup_stm32.o

.debug_abbrev   0x0000000000000000      0x755
 .debug_abbrev  0x0000000000000000       0xc6 ./Drivers/src/GPIO.o
 .debug_abbrev  0x00000000000000c6       0xc3 ./Drivers/src/PollDataClient.o
 .debug_abbrev  0x0000000000000189      0x193 ./Drivers/src/PollerTimer.o
 .debug_abbrev  0x000000000000031c      0x124 ./Drivers/src/device.o
 .debug_abbrev  0x0000000000000440       0x96 ./Drivers/src/poller.o
 .debug_abbrev  0x00000000000004d6       0xf2 ./src/main.o
 .debug_abbrev  0x00000000000005c8      0x17b ./src/system_stm32f4xx.o
 .debug_abbrev  0x0000000000000743       0x12 ./startup/startup_stm32.o

.debug_aranges  0x0000000000000000      0x1b0
 .debug_aranges
                0x0000000000000000       0x38 ./Drivers/src/GPIO.o
 .debug_aranges
                0x0000000000000038       0x30 ./Drivers/src/PollDataClient.o
 .debug_aranges
                0x0000000000000068       0x50 ./Drivers/src/PollerTimer.o
 .debug_aranges
                0x00000000000000b8       0x38 ./Drivers/src/device.o
 .debug_aranges
                0x00000000000000f0       0x40 ./Drivers/src/poller.o
 .debug_aranges
                0x0000000000000130       0x28 ./src/main.o
 .debug_aranges
                0x0000000000000158       0x30 ./src/system_stm32f4xx.o
 .debug_aranges
                0x0000000000000188       0x28 ./startup/startup_stm32.o

.debug_ranges   0x0000000000000000      0x138
 .debug_ranges  0x0000000000000000       0x28 ./Drivers/src/GPIO.o
 .debug_ranges  0x0000000000000028       0x20 ./Drivers/src/PollDataClient.o
 .debug_ranges  0x0000000000000048       0x40 ./Drivers/src/PollerTimer.o
 .debug_ranges  0x0000000000000088       0x28 ./Drivers/src/device.o
 .debug_ranges  0x00000000000000b0       0x30 ./Drivers/src/poller.o
 .debug_ranges  0x00000000000000e0       0x18 ./src/main.o
 .debug_ranges  0x00000000000000f8       0x20 ./src/system_stm32f4xx.o
 .debug_ranges  0x0000000000000118       0x20 ./startup/startup_stm32.o

.debug_macro    0x0000000000000000     0xa38d
 .debug_macro   0x0000000000000000       0x1a ./Drivers/src/GPIO.o
 .debug_macro   0x000000000000001a      0xab4 ./Drivers/src/GPIO.o
 .debug_macro   0x0000000000000ace       0xe8 ./Drivers/src/GPIO.o
 .debug_macro   0x0000000000000bb6       0xc8 ./Drivers/src/PollDataClient.o
 .debug_macro   0x0000000000000c7e       0x65 ./Drivers/src/PollDataClient.o
 .debug_macro   0x0000000000000ce3       0x3b ./Drivers/src/PollDataClient.o
 .debug_macro   0x0000000000000d1e       0x22 ./Drivers/src/PollDataClient.o
 .debug_macro   0x0000000000000d40       0x8e ./Drivers/src/PollDataClient.o
 .debug_macro   0x0000000000000dce       0x51 ./Drivers/src/PollDataClient.o
 .debug_macro   0x0000000000000e1f      0x103 ./Drivers/src/PollDataClient.o
 .debug_macro   0x0000000000000f22       0x6a ./Drivers/src/PollDataClient.o
 .debug_macro   0x0000000000000f8c      0x1df ./Drivers/src/PollDataClient.o
 .debug_macro   0x000000000000116b       0x34 ./Drivers/src/PollDataClient.o
 .debug_macro   0x000000000000119f       0x26 ./Drivers/src/PollDataClient.o
 .debug_macro   0x00000000000011c5      0xe43 ./Drivers/src/PollDataClient.o
 .debug_macro   0x0000000000002008     0x800a ./Drivers/src/PollDataClient.o
 .debug_macro   0x000000000000a012       0xbf ./Drivers/src/PollerTimer.o
 .debug_macro   0x000000000000a0d1       0xd8 ./Drivers/src/device.o
 .debug_macro   0x000000000000a1a9       0x39 ./Drivers/src/poller.o
 .debug_macro   0x000000000000a1e2       0xdc ./src/main.o
 .debug_macro   0x000000000000a2be       0xcf ./src/system_stm32f4xx.o

.debug_line     0x0000000000000000     0x1f08
 .debug_line    0x0000000000000000      0x1af ./Drivers/src/GPIO.o
 .debug_line    0x00000000000001af      0x527 ./Drivers/src/PollDataClient.o
 .debug_line    0x00000000000006d6      0x5ac ./Drivers/src/PollerTimer.o
 .debug_line    0x0000000000000c82      0x579 ./Drivers/src/device.o
 .debug_line    0x00000000000011fb      0x17f ./Drivers/src/poller.o
 .debug_line    0x000000000000137a      0x524 ./src/main.o
 .debug_line    0x000000000000189e      0x5ee ./src/system_stm32f4xx.o
 .debug_line    0x0000000000001e8c       0x7c ./startup/startup_stm32.o

.debug_str      0x0000000000000000    0x363c0
 .debug_str     0x0000000000000000     0x334a ./Drivers/src/GPIO.o
                                       0x336a (size before relaxing)
 .debug_str     0x000000000000334a    0x327b8 ./Drivers/src/PollDataClient.o
                                      0x35beb (size before relaxing)
 .debug_str     0x0000000000035b02      0x63b ./Drivers/src/PollerTimer.o
                                      0x35cb2 (size before relaxing)
 .debug_str     0x000000000003613d       0x52 ./Drivers/src/device.o
                                      0x35c15 (size before relaxing)
 .debug_str     0x000000000003618f       0x92 ./Drivers/src/poller.o
                                       0x2e73 (size before relaxing)
 .debug_str     0x0000000000036221       0x2c ./src/main.o
                                      0x35ce3 (size before relaxing)
 .debug_str     0x000000000003624d      0x14a ./src/system_stm32f4xx.o
                                      0x358f2 (size before relaxing)
 .debug_str     0x0000000000036397       0x29 ./startup/startup_stm32.o
                                         0x66 (size before relaxing)

.comment        0x0000000000000000       0x53
 .comment       0x0000000000000000       0x53 ./Drivers/src/GPIO.o
                                         0x54 (size before relaxing)
 .comment       0x0000000000000053       0x54 ./Drivers/src/PollDataClient.o
 .comment       0x0000000000000053       0x54 ./Drivers/src/PollerTimer.o
 .comment       0x0000000000000053       0x54 ./Drivers/src/device.o
 .comment       0x0000000000000053       0x54 ./Drivers/src/poller.o
 .comment       0x0000000000000053       0x54 ./src/main.o
 .comment       0x0000000000000053       0x54 ./src/system_stm32f4xx.o

.debug_frame    0x0000000000000000      0x460
 .debug_frame   0x0000000000000000       0xb8 ./Drivers/src/GPIO.o
 .debug_frame   0x00000000000000b8       0x74 ./Drivers/src/PollDataClient.o
 .debug_frame   0x000000000000012c       0xf4 ./Drivers/src/PollerTimer.o
 .debug_frame   0x0000000000000220       0xa0 ./Drivers/src/device.o
 .debug_frame   0x00000000000002c0       0xb0 ./Drivers/src/poller.o
 .debug_frame   0x0000000000000370       0x48 ./src/main.o
 .debug_frame   0x00000000000003b8       0x7c ./src/system_stm32f4xx.o
 .debug_frame   0x0000000000000434       0x2c c:/st/stm32cubeide_1.7.0/stm32cubeide/plugins/com.st.stm32cube.ide.mcu.externaltools.gnu-tools-for-stm32.9-2020-q2-update.win32_2.0.0.202105311346/tools/bin/../lib/gcc/arm-none-eabi/9.3.1/../../../../arm-none-eabi/lib/thumb/v7e-m+fp/hard\libc_nano.a(lib_a-init.o)
